Component: ARM Compiler 5.06 update 6 (build 750) Tool: armlink [4d35ed]

==============================================================================

Section Cross References

    main.o(i.main) refers to main.o(i.sys_init) for sys_init
    main.o(i.main) refers to appmain.o(i.AppInit) for AppInit
    main.o(i.main) refers to appmain.o(i.AppMain) for AppMain
    main.o(i.main) refers to lib_can_queue.o(i.can_queue_main) for can_queue_main
    main.o(i.sys_init) refers to serial.o(i.serial_init) for serial_init
    main.o(i.sys_init) refers to delay.o(i.delay_init) for delay_init
    main.o(i.sys_init) refers to libtimer.o(i.LibTimerInit) for LibTimerInit
    main.o(i.sys_init) refers to libeeprom.o(i.eeprom_init) for eeprom_init
    main.o(i.sys_init) refers to libdi.o(i.LibDIInit) for LibDIInit
    main.o(i.sys_init) refers to libdo.o(i.LibDOInit) for LibDOInit
    main.o(i.sys_init) refers to led.o(i.LED_Init) for LED_Init
    main.o(i.sys_init) refers to lib_can_queue.o(i.lib_can_queue_init) for lib_can_queue_init
    main.o(i.sys_init) refers to libdo.o(i.LibSetValueDOH) for LibSetValueDOH
    system_stm32f10x.o(i.SetSysClock) refers to system_stm32f10x.o(i.SetSysClockTo72) for SetSysClockTo72
    system_stm32f10x.o(i.SystemCoreClockUpdate) refers to system_stm32f10x.o(.data) for SystemCoreClock
    system_stm32f10x.o(i.SystemInit) refers to system_stm32f10x.o(i.SetSysClock) for SetSysClock
    liblpc.o(i.EXTI1_IRQHandler) refers to stm32f10x_exti.o(i.EXTI_GetITStatus) for EXTI_GetITStatus
    liblpc.o(i.EXTI1_IRQHandler) refers to stm32f10x_exti.o(i.EXTI_ClearITPendingBit) for EXTI_ClearITPendingBit
    liblpc.o(i.lpc_init) refers to stm32f10x_rcc.o(i.RCC_APB2PeriphClockCmd) for RCC_APB2PeriphClockCmd
    liblpc.o(i.lpc_init) refers to stm32f10x_gpio.o(i.GPIO_Init) for GPIO_Init
    liblpc.o(i.lpc_init) refers to stm32f10x_gpio.o(i.GPIO_EXTILineConfig) for GPIO_EXTILineConfig
    liblpc.o(i.lpc_init) refers to stm32f10x_exti.o(i.EXTI_Init) for EXTI_Init
    liblpc.o(i.lpc_init) refers to misc.o(i.NVIC_Init) for NVIC_Init
    liblpc.o(i.lpc_init) refers to stm32f10x_tim.o(i.TIM_Cmd) for TIM_Cmd
    liblpc.o(i.lpc_init) refers to stm32f10x_tim.o(i.TIM_ITConfig) for TIM_ITConfig
    liblpc.o(i.lpc_init) refers to stm32f10x_can.o(i.CAN_ITConfig) for CAN_ITConfig
    liblpc.o(i.lpc_init) refers to stm32f10x_pwr.o(i.PWR_EnterSTOPMode) for PWR_EnterSTOPMode
    liblpc.o(i.lpc_init) refers to system_stm32f10x.o(i.SystemInit) for SystemInit
    liblpc.o(i.lpc_init) refers to main.o(i.sys_init) for sys_init
    liblpc.o(i.lpc_init) refers to appmain.o(i.AppInit) for AppInit
    startup_stm32f10x_cl.o(RESET) refers to startup_stm32f10x_cl.o(STACK) for __initial_sp
    startup_stm32f10x_cl.o(RESET) refers to startup_stm32f10x_cl.o(.text) for Reset_Handler
    startup_stm32f10x_cl.o(RESET) refers to stm32f10x_it.o(i.NMI_Handler) for NMI_Handler
    startup_stm32f10x_cl.o(RESET) refers to stm32f10x_it.o(i.HardFault_Handler) for HardFault_Handler
    startup_stm32f10x_cl.o(RESET) refers to stm32f10x_it.o(i.MemManage_Handler) for MemManage_Handler
    startup_stm32f10x_cl.o(RESET) refers to stm32f10x_it.o(i.BusFault_Handler) for BusFault_Handler
    startup_stm32f10x_cl.o(RESET) refers to stm32f10x_it.o(i.UsageFault_Handler) for UsageFault_Handler
    startup_stm32f10x_cl.o(RESET) refers to stm32f10x_it.o(i.SVC_Handler) for SVC_Handler
    startup_stm32f10x_cl.o(RESET) refers to stm32f10x_it.o(i.DebugMon_Handler) for DebugMon_Handler
    startup_stm32f10x_cl.o(RESET) refers to stm32f10x_it.o(i.PendSV_Handler) for PendSV_Handler
    startup_stm32f10x_cl.o(RESET) refers to stm32f10x_it.o(i.SysTick_Handler) for SysTick_Handler
    startup_stm32f10x_cl.o(RESET) refers to liblpc.o(i.EXTI1_IRQHandler) for EXTI1_IRQHandler
    startup_stm32f10x_cl.o(RESET) refers to libcan.o(i.CAN1_RX0_IRQHandler) for CAN1_RX0_IRQHandler
    startup_stm32f10x_cl.o(RESET) refers to libcan.o(i.CAN1_RX1_IRQHandler) for CAN1_RX1_IRQHandler
    startup_stm32f10x_cl.o(RESET) refers to libtimer.o(i.TIM2_IRQHandler) for TIM2_IRQHandler
    startup_stm32f10x_cl.o(RESET) refers to serial.o(i.USART1_IRQHandler) for USART1_IRQHandler
    startup_stm32f10x_cl.o(RESET) refers to libcan.o(i.CAN2_RX0_IRQHandler) for CAN2_RX0_IRQHandler
    startup_stm32f10x_cl.o(RESET) refers to libcan.o(i.CAN2_RX1_IRQHandler) for CAN2_RX1_IRQHandler
    startup_stm32f10x_cl.o(.text) refers to system_stm32f10x.o(i.SystemInit) for SystemInit
    startup_stm32f10x_cl.o(.text) refers to entry.o(.ARM.Collect$$$$00000000) for __main
    libdi.o(i.LibDIInit) refers to stm32f10x_rcc.o(i.RCC_APB2PeriphClockCmd) for RCC_APB2PeriphClockCmd
    libdi.o(i.LibDIInit) refers to stm32f10x_gpio.o(i.GPIO_Init) for GPIO_Init
    libdi.o(i.LibGetValueDI) refers to stm32f10x_gpio.o(i.GPIO_ReadInputDataBit) for GPIO_ReadInputDataBit
    libdo.o(i.LibDOInit) refers to stm32f10x_rcc.o(i.RCC_APB2PeriphClockCmd) for RCC_APB2PeriphClockCmd
[...]
    appmain.o(i.AppMain) refers to libcan.o(i.LibCan1ReadReceiveData) for LibCan1ReadReceiveData
    entry.o(.ARM.Collect$$$$00000000) refers (Special) to entry10a.o(.ARM.Collect$$$$0000000D) for __rt_final_cpp
    entry.o(.ARM.Collect$$$$00000000) refers (Special) to entry11a.o(.ARM.Collect$$$$0000000F) for __rt_final_exit
    entry.o(.ARM.Collect$$$$00000000) refers (Special) to entry7b.o(.ARM.Collect$$$$00000008) for _main_clock
    entry.o(.ARM.Collect$$$$00000000) refers (Special) to entry8b.o(.ARM.Collect$$$$0000000A) for _main_cpp_init
    entry.o(.ARM.Collect$$$$00000000) refers (Special) to entry9a.o(.ARM.Collect$$$$0000000B) for _main_init
    entry.o(.ARM.Collect$$$$00000000) refers (Special) to entry5.o(.ARM.Collect$$$$00000004) for _main_scatterload
    entry.o(.ARM.Collect$$$$00000000) refers (Special) to entry2.o(.ARM.Collect$$$$00000001) for _main_stk
    printfb.o(i.__0fprintf$bare) refers to printfb.o(i._printf_core) for _printf_core
    printfb.o(i.__0fprintf$bare) refers to serial.o(i.fputc) for fputc
    printfb.o(i.__0printf$bare) refers to printfb.o(i._printf_core) for _printf_core
    printfb.o(i.__0printf$bare) refers to serial.o(i.fputc) for fputc
    printfb.o(i.__0printf$bare) refers to stdout.o(.data) for __stdout
    printfb.o(i.__0snprintf$bare) refers to printfb.o(i._printf_core) for _printf_core
    printfb.o(i.__0snprintf$bare) refers to printfb.o(i._snputc) for _snputc
    printfb.o(i.__0sprintf$bare) refers to printfb.o(i._printf_core) for _printf_core
    printfb.o(i.__0sprintf$bare) refers to printfb.o(i._sputc) for _sputc
    printfb.o(i.__0vfprintf$bare) refers to printfb.o(i._printf_core) for _printf_core
    printfb.o(i.__0vfprintf$bare) refers to serial.o(i.fputc) for fputc
    printfb.o(i.__0vprintf$bare) refers to printfb.o(i._printf_core) for _printf_core
    printfb.o(i.__0vprintf$bare) refers to serial.o(i.fputc) for fputc
    printfb.o(i.__0vprintf$bare) refers to stdout.o(.data) for __stdout
    printfb.o(i.__0vsnprintf$bare) refers to printfb.o(i._printf_core) for _printf_core
    printfb.o(i.__0vsnprintf$bare) refers to printfb.o(i._snputc) for _snputc
    printfb.o(i.__0vsprintf$bare) refers to printfb.o(i._printf_core) for _printf_core
    printfb.o(i.__0vsprintf$bare) refers to printfb.o(i._sputc) for _sputc
    printf0.o(i.__0fprintf$0) refers to printf0.o(i._printf_core) for _printf_core
    printf0.o(i.__0fprintf$0) refers to serial.o(i.fputc) for fputc
    printf0.o(i.__0printf$0) refers to printf0.o(i._printf_core) for _printf_core
    printf0.o(i.__0printf$0) refers to serial.o(i.fputc) for fputc
    printf0.o(i.__0printf$0) refers to stdout.o(.data) for __stdout
    printf0.o(i.__0snprintf$0) refers to printf0.o(i._printf_core) for _printf_core
    printf0.o(i.__0snprintf$0) refers to printf0.o(i._snputc) for _snputc
    printf0.o(i.__0sprintf$0) refers to printf0.o(i._printf_core) for _printf_core
    printf0.o(i.__0sprintf$0) refers to printf0.o(i._sputc) for _sputc
    printf0.o(i.__0vfprintf$0) refers to printf0.o(i._printf_core) for _printf_core
    printf0.o(i.__0vfprintf$0) refers to serial.o(i.fputc) for fputc
    printf0.o(i.__0vprintf$0) refers to printf0.o(i._printf_core) for _printf_core
    printf0.o(i.__0vprintf$0) refers to serial.o(i.fputc) for fputc
    printf0.o(i.__0vprintf$0) refers to stdout.o(.data) for __stdout
    printf0.o(i.__0vsnprintf$0) refers to printf0.o(i._printf_core) for _printf_core
    printf0.o(i.__0vsnprintf$0) refers to printf0.o(i._snputc) for _snputc
    printf0.o(i.__0vsprintf$0) refers to printf0.o(i._printf_core) for _printf_core
    printf0.o(i.__0vsprintf$0) refers to printf0.o(i._sputc) for _sputc
    printf1.o(i.__0fprintf$1) refers to printf1.o(i._printf_core) for _printf_core
    printf1.o(i.__0fprintf$1) refers to serial.o(i.fputc) for fputc
    printf1.o(i.__0printf$1) refers to printf1.o(i._printf_core) for _printf_core
    printf1.o(i.__0printf$1) refers to serial.o(i.fputc) for fputc
    printf1.o(i.__0printf$1) refers to stdout.o(.data) for __stdout
    printf1.o(i.__0snprintf$1) refers to printf1.o(i._printf_core) for _printf_core
    printf1.o(i.__0snprintf$1) refers to printf1.o(i._snputc) for _snputc
    printf1.o(i.__0sprintf$1) refers to printf1.o(i._printf_core) for _printf_core
    printf1.o(i.__0sprintf$1) refers to printf1.o(i._sputc) for _sputc
    printf1.o(i.__0vfprintf$1) refers to printf1.o(i._printf_core) for _printf_core
    printf1.o(i.__0vfprintf$1) refers to serial.o(i.fputc) for fputc
    printf1.o(i.__0vprintf$1) refers to printf1.o(i._printf_core) for _printf_core
    printf1.o(i.__0vprintf$1) refers to serial.o(i.fputc) for fputc
    printf1.o(i.__0vprintf$1) refers to stdout.o(.data) for __stdout
    printf1.o(i.__0vsnprintf$1) refers to printf1.o(i._printf_core) for _printf_core
    printf1.o(i.__0vsnprintf$1) refers to printf1.o(i._snputc) for _snputc
    printf1.o(i.__0vsprintf$1) refers to printf1.o(i._printf_core) for _printf_core
    printf1.o(i.__0vsprintf$1) refers to printf1.o(i._sputc) for _sputc
    printf1.o(i._printf_core) refers to uidiv.o(.text) for __aeabi_uidivmod
    printf2.o(i.__0fprintf$2) refers to printf2.o(i._printf_core) for _printf_core
    printf2.o(i.__0fprintf$2) refers to serial.o(i.fputc) for fputc
    printf2.o(i.__0printf$2) refers to printf2.o(i._printf_core) for _printf_core
    printf2.o(i.__0printf$2) refers to serial.o(i.fputc) for fputc
    printf2.o(i.__0printf$2) refers to stdout.o(.data) for __stdout
    printf2.o(i.__0snprintf$2) refers to printf2.o(i._printf_core) for _printf_core
    printf2.o(i.__0snprintf$2) refers to printf2.o(i._snputc) for _snputc
    printf2.o(i.__0sprintf$2) refers to printf2.o(i._printf_core) for _printf_core
    printf2.o(i.__0sprintf$2) refers to printf2.o(i._sputc) for _sputc
    printf2.o(i.__0vfprintf$2) refers to printf2.o(i._printf_core) for _printf_core
    printf2.o(i.__0vfprintf$2) refers to serial.o(i.fputc) for fputc
    printf2.o(i.__0vprintf$2) refers to printf2.o(i._printf_core) for _printf_core
    printf2.o(i.__0vprintf$2) refers to serial.o(i.fputc) for fputc
    printf2.o(i.__0vprintf$2) refers to stdout.o(.data) for __stdout
    printf2.o(i.__0vsnprintf$2) refers to printf2.o(i._printf_core) for _printf_core
    printf2.o(i.__0vsnprintf$2) refers to printf2.o(i._snputc) for _snputc
    printf2.o(i.__0vsprintf$2) refers to printf2.o(i._printf_core) for _printf_core
    printf2.o(i.__0vsprintf$2) refers to printf2.o(i._sputc) for _sputc
    printf3.o(i.__0fprintf$3) refers to printf3.o(i._printf_core) for _printf_core
    printf3.o(i.__0fprintf$3) refers to serial.o(i.fputc) for fputc
    printf3.o(i.__0printf$3) refers to printf3.o(i._printf_core) for _printf_core
    printf3.o(i.__0printf$3) refers to serial.o(i.fputc) for fputc
    printf3.o(i.__0printf$3) refers to stdout.o(.data) for __stdout
    printf3.o(i.__0snprintf$3) refers to printf3.o(i._printf_core) for _printf_core
    printf3.o(i.__0snprintf$3) refers to printf3.o(i._snputc) for _snputc
    printf3.o(i.__0sprintf$3) refers to printf3.o(i._printf_core) for _printf_core
    printf3.o(i.__0sprintf$3) refers to printf3.o(i._sputc) for _sputc
    printf3.o(i.__0vfprintf$3) refers to printf3.o(i._printf_core) for _printf_core
    printf3.o(i.__0vfprintf$3) refers to serial.o(i.fputc) for fputc
    printf3.o(i.__0vprintf$3) refers to printf3.o(i._printf_core) for _printf_core
    printf3.o(i.__0vprintf$3) refers to serial.o(i.fputc) for fputc
    printf3.o(i.__0vprintf$3) refers to stdout.o(.data) for __stdout
    printf3.o(i.__0vsnprintf$3) refers to printf3.o(i._printf_core) for _printf_core
    printf3.o(i.__0vsnprintf$3) refers to printf3.o(i._snputc) for _snputc
    printf3.o(i.__0vsprintf$3) refers to printf3.o(i._printf_core) for _printf_core
    printf3.o(i.__0vsprintf$3) refers to printf3.o(i._sputc) for _sputc
    printf3.o(i._printf_core) refers to uidiv.o(.text) for __aeabi_uidivmod
    printf4.o(i.__0fprintf$4) refers to printf4.o(i._printf_core) for _printf_core
    printf4.o(i.__0fprintf$4) refers to serial.o(i.fputc) for fputc
    printf4.o(i.__0printf$4) refers to printf4.o(i._printf_core) for _printf_core
    printf4.o(i.__0printf$4) refers to serial.o(i.fputc) for fputc
    printf4.o(i.__0printf$4) refers to stdout.o(.data) for __stdout
    printf4.o(i.__0snprintf$4) refers to printf4.o(i._printf_core) for _printf_core
    printf4.o(i.__0snprintf$4) refers to printf4.o(i._snputc) for _snputc
    printf4.o(i.__0sprintf$4) refers to printf4.o(i._printf_core) for _printf_core
    printf4.o(i.__0sprintf$4) refers to printf4.o(i._sputc) for _sputc
    printf4.o(i.__0vfprintf$4) refers to printf4.o(i._printf_core) for _printf_core
    printf4.o(i.__0vfprintf$4) refers to serial.o(i.fputc) for fputc
    printf4.o(i.__0vprintf$4) refers to printf4.o(i._printf_core) for _printf_core
    printf4.o(i.__0vprintf$4) refers to serial.o(i.fputc) for fputc
    printf4.o(i.__0vprintf$4) refers to stdout.o(.data) for __stdout
    printf4.o(i.__0vsnprintf$4) refers to printf4.o(i._printf_core) for _printf_core
    printf4.o(i.__0vsnprintf$4) refers to printf4.o(i._snputc) for _snputc
    printf4.o(i.__0vsprintf$4) refers to printf4.o(i._printf_core) for _printf_core
    printf4.o(i.__0vsprintf$4) refers to printf4.o(i._sputc) for _sputc
    printf4.o(i._printf_core) refers to uldiv.o(.text) for __aeabi_uldivmod
    printf5.o(i.__0fprintf$5) refers to printf5.o(i._printf_core) for _printf_core
    printf5.o(i.__0fprintf$5) refers to serial.o(i.fputc) for fputc
    printf5.o(i.__0printf$5) refers to printf5.o(i._printf_core) for _printf_core
    printf5.o(i.__0printf$5) refers to serial.o(i.fputc) for fputc
    printf5.o(i.__0printf$5) refers to stdout.o(.data) for __stdout
    printf5.o(i.__0snprintf$5) refers to printf5.o(i._printf_core) for _printf_core
    printf5.o(i.__0snprintf$5) refers to printf5.o(i._snputc) for _snputc
    printf5.o(i.__0sprintf$5) refers to printf5.o(i._printf_core) for _printf_core
    printf5.o(i.__0sprintf$5) refers to printf5.o(i._sputc) for _sputc
    printf5.o(i.__0vfprintf$5) refers to printf5.o(i._printf_core) for _printf_core
    printf5.o(i.__0vfprintf$5) refers to serial.o(i.fputc) for fputc
    printf5.o(i.__0vprintf$5) refers to printf5.o(i._printf_core) for _printf_core
    printf5.o(i.__0vprintf$5) refers to serial.o(i.fputc) for fputc
    printf5.o(i.__0vprintf$5) refers to stdout.o(.data) for __stdout
    printf5.o(i.__0vsnprintf$5) refers to printf5.o(i._printf_core) for _printf_core
    printf5.o(i.__0vsnprintf$5) refers to printf5.o(i._snputc) for _snputc
    printf5.o(i.__0vsprintf$5) refers to printf5.o(i._printf_core) for _printf_core
    printf5.o(i.__0vsprintf$5) refers to printf5.o(i._sputc) for _sputc
    printf5.o(i._printf_core) refers to uldiv.o(.text) for __aeabi_uldivmod
    printf6.o(i.__0fprintf$6) refers to printf6.o(i._printf_core) for _printf_core
    printf6.o(i.__0fprintf$6) refers to serial.o(i.fputc) for fputc
    printf6.o(i.__0printf$6) refers to printf6.o(i._printf_core) for _printf_core
    printf6.o(i.__0printf$6) refers to serial.o(i.fputc) for fputc
    printf6.o(i.__0printf$6) refers to stdout.o(.data) for __stdout
    printf6.o(i.__0snprintf$6) refers to printf6.o(i._printf_core) for _printf_core
    printf6.o(i.__0snprintf$6) refers to printf6.o(i._snputc) for _snputc
    printf6.o(i.__0sprintf$6) refers to printf6.o(i._printf_core) for _printf_core
    printf6.o(i.__0sprintf$6) refers to printf6.o(i._sputc) for _sputc
    printf6.o(i.__0vfprintf$6) refers to printf6.o(i._printf_core) for _printf_core
    printf6.o(i.__0vfprintf$6) refers to serial.o(i.fputc) for fputc
    printf6.o(i.__0vprintf$6) refers to printf6.o(i._printf_core) for _printf_core
    printf6.o(i.__0vprintf$6) refers to serial.o(i.fputc) for fputc
    printf6.o(i.__0vprintf$6) refers to stdout.o(.data) for __stdout
    printf6.o(i.__0vsnprintf$6) refers to printf6.o(i._printf_core) for _printf_core
    printf6.o(i.__0vsnprintf$6) refers to printf6.o(i._snputc) for _snputc
    printf6.o(i.__0vsprintf$6) refers to printf6.o(i._printf_core) for _printf_core
    printf6.o(i.__0vsprintf$6) refers to printf6.o(i._sputc) for _sputc
    printf6.o(i._printf_core) refers to printf6.o(i._printf_pre_padding) for _printf_pre_padding
    printf6.o(i._printf_core) refers to uidiv.o(.text) for __aeabi_uidivmod
    printf6.o(i._printf_core) refers to printf6.o(i._printf_post_padding) for _printf_post_padding
    printf7.o(i.__0fprintf$7) refers to printf7.o(i._printf_core) for _printf_core
    printf7.o(i.__0fprintf$7) refers to serial.o(i.fputc) for fputc
    printf7.o(i.__0printf$7) refers to printf7.o(i._printf_core) for _printf_core
    printf7.o(i.__0printf$7) refers to serial.o(i.fputc) for fputc
    printf7.o(i.__0printf$7) refers to stdout.o(.data) for __stdout
    printf7.o(i.__0snprintf$7) refers to printf7.o(i._printf_core) for _printf_core
    printf7.o(i.__0snprintf$7) refers to printf7.o(i._snputc) for _snputc
    printf7.o(i.__0sprintf$7) refers to printf7.o(i._printf_core) for _printf_core
    printf7.o(i.__0sprintf$7) refers to printf7.o(i._sputc) for _sputc
    printf7.o(i.__0vfprintf$7) refers to printf7.o(i._printf_core) for _printf_core
    printf7.o(i.__0vfprintf$7) refers to serial.o(i.fputc) for fputc
    printf7.o(i.__0vprintf$7) refers to printf7.o(i._printf_core) for _printf_core
    printf7.o(i.__0vprintf$7) refers to serial.o(i.fputc) for fputc
    printf7.o(i.__0vprintf$7) refers to stdout.o(.data) for __stdout
    printf7.o(i.__0vsnprintf$7) refers to printf7.o(i._printf_core) for _printf_core
    printf7.o(i.__0vsnprintf$7) refers to printf7.o(i._snputc) for _snputc
    printf7.o(i.__0vsprintf$7) refers to printf7.o(i._printf_core) for _printf_core
    printf7.o(i.__0vsprintf$7) refers to printf7.o(i._sputc) for _sputc
    printf7.o(i._printf_core) refers to printf7.o(i._printf_pre_padding) for _printf_pre_padding
    printf7.o(i._printf_core) refers to uldiv.o(.text) for __aeabi_uldivmod
    printf7.o(i._printf_core) refers to printf7.o(i._printf_post_padding) for _printf_post_padding
    printf8.o(i.__0fprintf$8) refers to printf8.o(i._printf_core) for _printf_core
    printf8.o(i.__0fprintf$8) refers to serial.o(i.fputc) for fputc
    printf8.o(i.__0printf$8) refers to printf8.o(i._printf_core) for _printf_core
    printf8.o(i.__0printf$8) refers to serial.o(i.fputc) for fputc
    printf8.o(i.__0printf$8) refers to stdout.o(.data) for __stdout
    printf8.o(i.__0snprintf$8) refers to printf8.o(i._printf_core) for _printf_core
    printf8.o(i.__0snprintf$8) refers to printf8.o(i._snputc) for _snputc
    printf8.o(i.__0sprintf$8) refers to printf8.o(i._printf_core) for _printf_core
    printf8.o(i.__0sprintf$8) refers to printf8.o(i._sputc) for _sputc
    printf8.o(i.__0vfprintf$8) refers to printf8.o(i._printf_core) for _printf_core
    printf8.o(i.__0vfprintf$8) refers to serial.o(i.fputc) for fputc
    printf8.o(i.__0vprintf$8) refers to printf8.o(i._printf_core) for _printf_core
    printf8.o(i.__0vprintf$8) refers to serial.o(i.fputc) for fputc
    printf8.o(i.__0vprintf$8) refers to stdout.o(.data) for __stdout
    printf8.o(i.__0vsnprintf$8) refers to printf8.o(i._printf_core) for _printf_core
    printf8.o(i.__0vsnprintf$8) refers to printf8.o(i._snputc) for _snputc
    printf8.o(i.__0vsprintf$8) refers to printf8.o(i._printf_core) for _printf_core
    printf8.o(i.__0vsprintf$8) refers to printf8.o(i._sputc) for _sputc
    printf8.o(i._printf_core) refers to printf8.o(i._printf_pre_padding) for _printf_pre_padding
    printf8.o(i._printf_core) refers to uldiv.o(.text) for __aeabi_uldivmod
    printf8.o(i._printf_core) refers to printf8.o(i._printf_post_padding) for _printf_post_padding
    printfa.o(i.__0fprintf) refers (Special) to iusefp.o(.text) for __I$use$fp
    printfa.o(i.__0fprintf) refers to printfa.o(i._printf_core) for _printf_core
    printfa.o(i.__0fprintf) refers to serial.o(i.fputc) for fputc
    printfa.o(i.__0printf) refers (Special) to iusefp.o(.text) for __I$use$fp
    printfa.o(i.__0printf) refers to printfa.o(i._printf_core) for _printf_core
    printfa.o(i.__0printf) refers to serial.o(i.fputc) for fputc
    printfa.o(i.__0printf) refers to stdout.o(.data) for __stdout
    printfa.o(i.__0snprintf) refers (Special) to iusefp.o(.text) for __I$use$fp
    printfa.o(i.__0snprintf) refers to printfa.o(i._printf_core) for _printf_core
    printfa.o(i.__0snprintf) refers to printfa.o(i._snputc) for _snputc
    printfa.o(i.__0sprintf) refers (Special) to iusefp.o(.text) for __I$use$fp
    printfa.o(i.__0sprintf) refers to printfa.o(i._printf_core) for _printf_core
    printfa.o(i.__0sprintf) refers to printfa.o(i._sputc) for _sputc
    printfa.o(i.__0vfprintf) refers (Special) to iusefp.o(.text) for __I$use$fp
    printfa.o(i.__0vfprintf) refers to printfa.o(i._printf_core) for _printf_core
    printfa.o(i.__0vfprintf) refers to serial.o(i.fputc) for fputc
    printfa.o(i.__0vprintf) refers (Special) to iusefp.o(.text) for __I$use$fp
    printfa.o(i.__0vprintf) refers to printfa.o(i._printf_core) for _printf_core
    printfa.o(i.__0vprintf) refers to serial.o(i.fputc) for fputc
    printfa.o(i.__0vprintf) refers to stdout.o(.data) for __stdout
    printfa.o(i.__0vsnprintf) refers (Special) to iusefp.o(.text) for __I$use$fp
    printfa.o(i.__0vsnprintf) refers to printfa.o(i._printf_core) for _printf_core
    printfa.o(i.__0vsnprintf) refers to printfa.o(i._snputc) for _snputc
    printfa.o(i.__0vsprintf) refers (Special) to iusefp.o(.text) for __I$use$fp
    printfa.o(i.__0vsprintf) refers to printfa.o(i._printf_core) for _printf_core
    printfa.o(i.__0vsprintf) refers to printfa.o(i._sputc) for _sputc
    printfa.o(i._fp_digits) refers (Special) to iusefp.o(.text) for __I$use$fp
    printfa.o(i._fp_digits) refers to dmul.o(.text) for __aeabi_dmul
    printfa.o(i._fp_digits) refers to ddiv.o(.text) for __aeabi_ddiv
    printfa.o(i._fp_digits) refers to cdrcmple.o(.text) for __aeabi_cdrcmple
    printfa.o(i._fp_digits) refers to dadd.o(.text) for __aeabi_dadd
    printfa.o(i._fp_digits) refers to dfixul.o(.text) for __aeabi_d2ulz
    printfa.o(i._fp_digits) refers to uldiv.o(.text) for __aeabi_uldivmod
    printfa.o(i._printf_core) refers (Special) to iusefp.o(.text) for __I$use$fp
    printfa.o(i._printf_core) refers to printfa.o(i._printf_pre_padding) for _printf_pre_padding
    printfa.o(i._printf_core) refers to uldiv.o(.text) for __aeabi_uldivmod
    printfa.o(i._printf_core) refers to printfa.o(i._printf_post_padding) for _printf_post_padding
    printfa.o(i._printf_core) refers to printfa.o(i._fp_digits) for _fp_digits
    printfa.o(i._printf_core) refers to uidiv.o(.text) for __aeabi_uidivmod
    printfa.o(i._printf_post_padding) refers (Special) to iusefp.o(.text) for __I$use$fp
    printfa.o(i._printf_pre_padding) refers (Special) to iusefp.o(.text) for __I$use$fp
    printfa.o(i._snputc) refers (Special) to iusefp.o(.text) for __I$use$fp
    printfa.o(i._sputc) refers (Special) to iusefp.o(.text) for __I$use$fp
    entry2.o(.ARM.Collect$$$$00000001) refers to entry2.o(.ARM.Collect$$$$00002712) for __lit__00000000
    entry2.o(.ARM.Collect$$$$00002712) refers to startup_stm32f10x_cl.o(STACK) for __initial_sp
    entry2.o(__vectab_stack_and_reset_area) refers to startup_stm32f10x_cl.o(STACK) for __initial_sp
    entry2.o(__vectab_stack_and_reset_area) refers to entry.o(.ARM.Collect$$$$00000000) for __main
    entry5.o(.ARM.Collect$$$$00000004) refers to init.o(.text) for __scatterload
    entry9a.o(.ARM.Collect$$$$0000000B) refers to main.o(i.main) for main
    entry9b.o(.ARM.Collect$$$$0000000C) refers to main.o(i.main) for main
    uldiv.o(.text) refers to llushr.o(.text) for __aeabi_llsr
    uldiv.o(.text) refers to llshl.o(.text) for __aeabi_llsl
    dadd.o(.text) refers to llshl.o(.text) for __aeabi_llsl
    dadd.o(.text) refers to llsshr.o(.text) for __aeabi_lasr
    dadd.o(.text) refers to depilogue.o(.text) for _double_epilogue
    dmul.o(.text) refers to depilogue.o(.text) for _double_epilogue
    ddiv.o(.text) refers to depilogue.o(.text) for _double_round
    dfixul.o(.text) refers to llushr.o(.text) for __aeabi_llsr
    dfixul.o(.text) refers to llshl.o(.text) for __aeabi_llsl
    init.o(.text) refers to entry5.o(.ARM.Collect$$$$00000004) for __main_after_scatterload
    depilogue.o(.text) refers to llshl.o(.text) for __aeabi_llsl
    depilogue.o(.text) refers to llushr.o(.text) for __aeabi_llsr


==============================================================================

Removing Unused input sections from the image.

    Removing system_stm32f10x.o(i.SystemCoreClockUpdate), (256 bytes).
    Removing liblpc.o(i.lpc_init), (356 bytes).
    Removing core_cm3.o(.emb_text), (32 bytes).
    Removing startup_stm32f10x_cl.o(HEAP), (512 bytes).
    Removing libvardefine.o(.data), (15 bytes).
    Removing libdi.o(i.LibGetValueDI), (408 bytes).
    Removing libdo.o(i.LibGetValueDOH), (12 bytes).
    Removing delay.o(i.delay_ms), (76 bytes).
    Removing delay.o(i.delay_us), (76 bytes).
    Removing libcan.o(i.CAN2_Mode_Init), (488 bytes).
    Removing libcan.o(i.Can1_Receive_Msg), (60 bytes).
    Removing libcan.o(i.Can2_Receive_Msg), (60 bytes).
    Removing libcan.o(i.LibCan2ReadReceiveData), (84 bytes).
    Removing libcan.o(i.LibCan2ReceiveFlag), (32 bytes).
    Removing libcan.o(i.LibCan2SendData), (100 bytes).
    Removing libcan.o(i.LibCan2SetRecMode), (204 bytes).
    Removing libeeprom.o(i.eeprom_read_byte), (140 bytes).
    Removing libeeprom.o(i.eeprom_read_write_byte), (100 bytes).
    Removing libeeprom.o(i.eeprom_write_byte), (184 bytes).
    Removing libeeprom.o(i.eeprom_write_disable), (44 bytes).
    Removing libeeprom.o(i.eeprom_write_enable), (44 bytes).
    Removing libeeprom.o(i.eeprom_write_page), (240 bytes).
    Removing libwatchdog.o(i.LibWatchDogFeed), (8 bytes).
    Removing libwatchdog.o(i.LibWatchDogInit), (68 bytes).
    Removing serial.o(i.serial_get_readable_size), (20 bytes).
    Removing misc.o(i.NVIC_PriorityGroupConfig), (20 bytes).
    Removing misc.o(i.NVIC_SetVectorTable), (20 bytes).
    Removing misc.o(i.NVIC_SystemLPConfig), (32 bytes).
    Removing stm32f10x_can.o(i.CAN_CancelTransmit), (48 bytes).
    Removing stm32f10x_can.o(i.CAN_ClearFlag), (56 bytes).
    Removing stm32f10x_can.o(i.CAN_ClearITPendingBit), (168 bytes).
    Removing stm32f10x_can.o(i.CAN_DBGFreeze), (22 bytes).
    Removing stm32f10x_can.o(i.CAN_DeInit), (56 bytes).
    Removing stm32f10x_can.o(i.CAN_FIFORelease), (22 bytes).
    Removing stm32f10x_can.o(i.CAN_GetFlagStatus), (120 bytes).
    Removing stm32f10x_can.o(i.CAN_GetLSBTransmitErrorCounter), (12 bytes).
    Removing stm32f10x_can.o(i.CAN_GetLastErrorCode), (12 bytes).
    Removing stm32f10x_can.o(i.CAN_GetReceiveErrorCounter), (10 bytes).
    Removing stm32f10x_can.o(i.CAN_MessagePending), (30 bytes).
    Removing stm32f10x_can.o(i.CAN_OperatingModeRequest), (162 bytes).
    Removing stm32f10x_can.o(i.CAN_SlaveStartBank), (52 bytes).
    Removing stm32f10x_can.o(i.CAN_Sleep), (30 bytes).
    Removing stm32f10x_can.o(i.CAN_StructInit), (32 bytes).
    Removing stm32f10x_can.o(i.CAN_TTComModeCmd), (118 bytes).
    Removing stm32f10x_can.o(i.CAN_TransmitStatus), (160 bytes).
    Removing stm32f10x_can.o(i.CAN_WakeUp), (48 bytes).
    Removing stm32f10x_gpio.o(i.GPIO_AFIODeInit), (20 bytes).
    Removing stm32f10x_gpio.o(i.GPIO_DeInit), (200 bytes).
    Removing stm32f10x_gpio.o(i.GPIO_ETH_MediaInterfaceConfig), (12 bytes).
    Removing stm32f10x_gpio.o(i.GPIO_EXTILineConfig), (64 bytes).
    Removing stm32f10x_gpio.o(i.GPIO_EventOutputCmd), (12 bytes).
    Removing stm32f10x_gpio.o(i.GPIO_EventOutputConfig), (32 bytes).
    Removing stm32f10x_gpio.o(i.GPIO_PinLockConfig), (18 bytes).
    Removing stm32f10x_gpio.o(i.GPIO_ReadInputData), (8 bytes).
    Removing stm32f10x_gpio.o(i.GPIO_ReadInputDataBit), (18 bytes).
    Removing stm32f10x_gpio.o(i.GPIO_ReadOutputData), (8 bytes).
    Removing stm32f10x_gpio.o(i.GPIO_ReadOutputDataBit), (18 bytes).
    Removing stm32f10x_gpio.o(i.GPIO_ResetBits), (4 bytes).
    Removing stm32f10x_gpio.o(i.GPIO_StructInit), (16 bytes).
    Removing stm32f10x_gpio.o(i.GPIO_Write), (4 bytes).
    Removing stm32f10x_gpio.o(i.GPIO_WriteBit), (10 bytes).
    Removing stm32f10x_tim.o(i.TI1_Config), (128 bytes).
    Removing stm32f10x_tim.o(i.TI2_Config), (152 bytes).
    Removing stm32f10x_tim.o(i.TI3_Config), (144 bytes).
    Removing stm32f10x_tim.o(i.TI4_Config), (152 bytes).
    Removing stm32f10x_tim.o(i.TIM_ARRPreloadConfig), (24 bytes).
    Removing stm32f10x_tim.o(i.TIM_BDTRConfig), (32 bytes).
    Removing stm32f10x_tim.o(i.TIM_BDTRStructInit), (18 bytes).
    Removing stm32f10x_tim.o(i.TIM_CCPreloadControl), (24 bytes).
    Removing stm32f10x_tim.o(i.TIM_CCxCmd), (30 bytes).
    Removing stm32f10x_tim.o(i.TIM_CCxNCmd), (30 bytes).
    Removing stm32f10x_tim.o(i.TIM_ClearFlag), (6 bytes).
    Removing stm32f10x_tim.o(i.TIM_ClearOC1Ref), (18 bytes).
    Removing stm32f10x_tim.o(i.TIM_ClearOC2Ref), (24 bytes).
    Removing stm32f10x_tim.o(i.TIM_ClearOC3Ref), (18 bytes).
    Removing stm32f10x_tim.o(i.TIM_ClearOC4Ref), (24 bytes).
    Removing stm32f10x_tim.o(i.TIM_CounterModeConfig), (18 bytes).
    Removing stm32f10x_tim.o(i.TIM_CtrlPWMOutputs), (30 bytes).
    Removing stm32f10x_tim.o(i.TIM_DMACmd), (18 bytes).
    Removing stm32f10x_tim.o(i.TIM_DMAConfig), (10 bytes).
    Removing stm32f10x_tim.o(i.TIM_DeInit), (488 bytes).
    Removing stm32f10x_tim.o(i.TIM_ETRClockMode1Config), (54 bytes).
    Removing stm32f10x_tim.o(i.TIM_ETRClockMode2Config), (32 bytes).
    Removing stm32f10x_tim.o(i.TIM_ETRConfig), (28 bytes).
    Removing stm32f10x_tim.o(i.TIM_EncoderInterfaceConfig), (66 bytes).
    Removing stm32f10x_tim.o(i.TIM_ForcedOC1Config), (18 bytes).
    Removing stm32f10x_tim.o(i.TIM_ForcedOC2Config), (26 bytes).
    Removing stm32f10x_tim.o(i.TIM_ForcedOC3Config), (18 bytes).
    Removing stm32f10x_tim.o(i.TIM_ForcedOC4Config), (26 bytes).
    Removing stm32f10x_tim.o(i.TIM_GenerateEvent), (4 bytes).
    Removing stm32f10x_tim.o(i.TIM_GetCapture1), (6 bytes).
    Removing stm32f10x_tim.o(i.TIM_GetCapture2), (6 bytes).
    Removing stm32f10x_tim.o(i.TIM_GetCapture3), (6 bytes).
    Removing stm32f10x_tim.o(i.TIM_GetCapture4), (8 bytes).
    Removing stm32f10x_tim.o(i.TIM_GetCounter), (6 bytes).
    Removing stm32f10x_tim.o(i.TIM_GetFlagStatus), (18 bytes).
    Removing stm32f10x_tim.o(i.TIM_GetPrescaler), (6 bytes).
    Removing stm32f10x_tim.o(i.TIM_ICInit), (172 bytes).
    Removing stm32f10x_tim.o(i.TIM_ICStructInit), (18 bytes).
    Removing stm32f10x_tim.o(i.TIM_ITRxExternalClockConfig), (24 bytes).
    Removing stm32f10x_tim.o(i.TIM_InternalClockConfig), (12 bytes).
    Removing stm32f10x_tim.o(i.TIM_OC1FastConfig), (18 bytes).
    Removing stm32f10x_tim.o(i.TIM_OC1Init), (152 bytes).
    Removing stm32f10x_tim.o(i.TIM_OC1NPolarityConfig), (18 bytes).
    Removing stm32f10x_tim.o(i.TIM_OC1PolarityConfig), (18 bytes).
    Removing stm32f10x_tim.o(i.TIM_OC1PreloadConfig), (18 bytes).
    Removing stm32f10x_tim.o(i.TIM_OC2FastConfig), (26 bytes).
    Removing stm32f10x_tim.o(i.TIM_OC2Init), (164 bytes).
    Removing stm32f10x_tim.o(i.TIM_OC2NPolarityConfig), (26 bytes).
    Removing stm32f10x_tim.o(i.TIM_OC2PolarityConfig), (26 bytes).
    Removing stm32f10x_tim.o(i.TIM_OC2PreloadConfig), (26 bytes).
    Removing stm32f10x_tim.o(i.TIM_OC3FastConfig), (18 bytes).
    Removing stm32f10x_tim.o(i.TIM_OC3Init), (160 bytes).
    Removing stm32f10x_tim.o(i.TIM_OC3NPolarityConfig), (26 bytes).
    Removing stm32f10x_tim.o(i.TIM_OC3PolarityConfig), (26 bytes).
    Removing stm32f10x_tim.o(i.TIM_OC3PreloadConfig), (18 bytes).
    Removing stm32f10x_tim.o(i.TIM_OC4FastConfig), (26 bytes).
    Removing stm32f10x_tim.o(i.TIM_OC4Init), (124 bytes).
    Removing stm32f10x_tim.o(i.TIM_OC4PolarityConfig), (26 bytes).
    Removing stm32f10x_tim.o(i.TIM_OC4PreloadConfig), (26 bytes).
    Removing stm32f10x_tim.o(i.TIM_OCStructInit), (20 bytes).
    Removing stm32f10x_tim.o(i.TIM_PWMIConfig), (124 bytes).
    Removing stm32f10x_tim.o(i.TIM_PrescalerConfig), (6 bytes).
    Removing stm32f10x_tim.o(i.TIM_SelectCCDMA), (24 bytes).
    Removing stm32f10x_tim.o(i.TIM_SelectCOM), (24 bytes).
    Removing stm32f10x_tim.o(i.TIM_SelectHallSensor), (24 bytes).
    Removing stm32f10x_tim.o(i.TIM_SelectInputTrigger), (18 bytes).
    Removing stm32f10x_tim.o(i.TIM_SelectMasterSlaveMode), (18 bytes).
    Removing stm32f10x_tim.o(i.TIM_SelectOCxM), (82 bytes).
    Removing stm32f10x_tim.o(i.TIM_SelectOnePulseMode), (18 bytes).
    Removing stm32f10x_tim.o(i.TIM_SelectOutputTrigger), (18 bytes).
    Removing stm32f10x_tim.o(i.TIM_SelectSlaveMode), (18 bytes).
    Removing stm32f10x_tim.o(i.TIM_SetAutoreload), (4 bytes).
    Removing stm32f10x_tim.o(i.TIM_SetClockDivision), (18 bytes).
    Removing stm32f10x_tim.o(i.TIM_SetCompare1), (4 bytes).
    Removing stm32f10x_tim.o(i.TIM_SetCompare2), (4 bytes).
    Removing stm32f10x_tim.o(i.TIM_SetCompare3), (4 bytes).
    Removing stm32f10x_tim.o(i.TIM_SetCompare4), (6 bytes).
    Removing stm32f10x_tim.o(i.TIM_SetCounter), (4 bytes).
    Removing stm32f10x_tim.o(i.TIM_SetIC1Prescaler), (18 bytes).
    Removing stm32f10x_tim.o(i.TIM_SetIC2Prescaler), (26 bytes).
    Removing stm32f10x_tim.o(i.TIM_SetIC3Prescaler), (18 bytes).
    Removing stm32f10x_tim.o(i.TIM_SetIC4Prescaler), (26 bytes).
    Removing stm32f10x_tim.o(i.TIM_TIxExternalClockConfig), (62 bytes).
    Removing stm32f10x_tim.o(i.TIM_TimeBaseStructInit), (18 bytes).
    Removing stm32f10x_tim.o(i.TIM_UpdateDisableConfig), (24 bytes).
    Removing stm32f10x_tim.o(i.TIM_UpdateRequestConfig), (24 bytes).
    Removing stm32f10x_spi.o(i.I2S_Cmd), (24 bytes).
    Removing stm32f10x_spi.o(i.I2S_Init), (304 bytes).
    Removing stm32f10x_spi.o(i.I2S_StructInit), (20 bytes).
    Removing stm32f10x_spi.o(i.SPI_BiDirectionalLineConfig), (28 bytes).
    Removing stm32f10x_spi.o(i.SPI_CalculateCRC), (24 bytes).
    Removing stm32f10x_spi.o(i.SPI_DataSizeConfig), (18 bytes).
    Removing stm32f10x_spi.o(i.SPI_GetCRC), (16 bytes).
    Removing stm32f10x_spi.o(i.SPI_GetCRCPolynomial), (6 bytes).
    Removing stm32f10x_spi.o(i.SPI_I2S_ClearFlag), (6 bytes).
    Removing stm32f10x_spi.o(i.SPI_I2S_ClearITPendingBit), (20 bytes).
    Removing stm32f10x_spi.o(i.SPI_I2S_DMACmd), (18 bytes).
    Removing stm32f10x_spi.o(i.SPI_I2S_DeInit), (88 bytes).
    Removing stm32f10x_spi.o(i.SPI_I2S_GetFlagStatus), (18 bytes).
    Removing stm32f10x_spi.o(i.SPI_I2S_GetITStatus), (52 bytes).
    Removing stm32f10x_spi.o(i.SPI_I2S_ITConfig), (32 bytes).
    Removing stm32f10x_spi.o(i.SPI_I2S_ReceiveData), (6 bytes).
    Removing stm32f10x_spi.o(i.SPI_I2S_SendData), (4 bytes).
    Removing stm32f10x_spi.o(i.SPI_NSSInternalSoftwareConfig), (30 bytes).
    Removing stm32f10x_spi.o(i.SPI_SSOutputCmd), (24 bytes).
    Removing stm32f10x_spi.o(i.SPI_StructInit), (24 bytes).
    Removing stm32f10x_spi.o(i.SPI_TransmitCRC), (10 bytes).
    Removing stm32f10x_iwdg.o(i.IWDG_Enable), (16 bytes).
    Removing stm32f10x_iwdg.o(i.IWDG_GetFlagStatus), (24 bytes).
    Removing stm32f10x_iwdg.o(i.IWDG_ReloadCounter), (16 bytes).
    Removing stm32f10x_iwdg.o(i.IWDG_SetPrescaler), (12 bytes).
    Removing stm32f10x_iwdg.o(i.IWDG_SetReload), (12 bytes).
    Removing stm32f10x_iwdg.o(i.IWDG_WriteAccessCmd), (12 bytes).
    Removing stm32f10x_rcc.o(i.RCC_ADCCLKConfig), (24 bytes).
    Removing stm32f10x_rcc.o(i.RCC_AHBPeriphClockCmd), (32 bytes).
    Removing stm32f10x_rcc.o(i.RCC_AHBPeriphResetCmd), (32 bytes).
    Removing stm32f10x_rcc.o(i.RCC_APB1PeriphResetCmd), (32 bytes).
    Removing stm32f10x_rcc.o(i.RCC_APB2PeriphResetCmd), (32 bytes).
    Removing stm32f10x_rcc.o(i.RCC_AdjustHSICalibrationValue), (24 bytes).
    Removing stm32f10x_rcc.o(i.RCC_BackupResetCmd), (12 bytes).
    Removing stm32f10x_rcc.o(i.RCC_ClearFlag), (20 bytes).
    Removing stm32f10x_rcc.o(i.RCC_ClearITPendingBit), (12 bytes).
    Removing stm32f10x_rcc.o(i.RCC_ClockSecuritySystemCmd), (12 bytes).
    Removing stm32f10x_rcc.o(i.RCC_DeInit), (92 bytes).
    Removing stm32f10x_rcc.o(i.RCC_GetFlagStatus), (60 bytes).
    Removing stm32f10x_rcc.o(i.RCC_GetITStatus), (24 bytes).
    Removing stm32f10x_rcc.o(i.RCC_GetSYSCLKSource), (16 bytes).
    Removing stm32f10x_rcc.o(i.RCC_HCLKConfig), (24 bytes).
    Removing stm32f10x_rcc.o(i.RCC_HSEConfig), (76 bytes).
    Removing stm32f10x_rcc.o(i.RCC_HSICmd), (12 bytes).
    Removing stm32f10x_rcc.o(i.RCC_I2S2CLKConfig), (12 bytes).
    Removing stm32f10x_rcc.o(i.RCC_I2S3CLKConfig), (12 bytes).
    Removing stm32f10x_rcc.o(i.RCC_ITConfig), (32 bytes).
    Removing stm32f10x_rcc.o(i.RCC_LSEConfig), (52 bytes).
    Removing stm32f10x_rcc.o(i.RCC_LSICmd), (12 bytes).
    Removing stm32f10x_rcc.o(i.RCC_MCOConfig), (12 bytes).
    Removing stm32f10x_rcc.o(i.RCC_OTGFSCLKConfig), (12 bytes).
    Removing stm32f10x_rcc.o(i.RCC_PCLK1Config), (24 bytes).
    Removing stm32f10x_rcc.o(i.RCC_PCLK2Config), (24 bytes).
    Removing stm32f10x_rcc.o(i.RCC_PLL2Cmd), (12 bytes).
    Removing stm32f10x_rcc.o(i.RCC_PLL2Config), (24 bytes).
    Removing stm32f10x_rcc.o(i.RCC_PLL3Cmd), (12 bytes).
    Removing stm32f10x_rcc.o(i.RCC_PLL3Config), (24 bytes).
    Removing stm32f10x_rcc.o(i.RCC_PLLCmd), (12 bytes).
    Removing stm32f10x_rcc.o(i.RCC_PLLConfig), (28 bytes).
    Removing stm32f10x_rcc.o(i.RCC_PREDIV1Config), (32 bytes).
    Removing stm32f10x_rcc.o(i.RCC_PREDIV2Config), (24 bytes).
    Removing stm32f10x_rcc.o(i.RCC_RTCCLKCmd), (12 bytes).
    Removing stm32f10x_rcc.o(i.RCC_RTCCLKConfig), (16 bytes).
    Removing stm32f10x_rcc.o(i.RCC_SYSCLKConfig), (24 bytes).
    Removing stm32f10x_rcc.o(i.RCC_WaitForHSEStartUp), (56 bytes).
    Removing stm32f10x_usart.o(i.USART_ClearFlag), (18 bytes).
    Removing stm32f10x_usart.o(i.USART_ClearITPendingBit), (30 bytes).
    Removing stm32f10x_usart.o(i.USART_ClockInit), (34 bytes).
    Removing stm32f10x_usart.o(i.USART_ClockStructInit), (12 bytes).
    Removing stm32f10x_usart.o(i.USART_DMACmd), (18 bytes).
    Removing stm32f10x_usart.o(i.USART_DeInit), (156 bytes).
    Removing stm32f10x_usart.o(i.USART_HalfDuplexCmd), (24 bytes).
    Removing stm32f10x_usart.o(i.USART_IrDACmd), (24 bytes).
    Removing stm32f10x_usart.o(i.USART_IrDAConfig), (18 bytes).
    Removing stm32f10x_usart.o(i.USART_LINBreakDetectLengthConfig), (18 bytes).
    Removing stm32f10x_usart.o(i.USART_LINCmd), (24 bytes).
    Removing stm32f10x_usart.o(i.USART_OneBitMethodCmd), (24 bytes).
    Removing stm32f10x_usart.o(i.USART_OverSampling8Cmd), (22 bytes).
    Removing stm32f10x_usart.o(i.USART_ReceiverWakeUpCmd), (24 bytes).
    Removing stm32f10x_usart.o(i.USART_SendBreak), (10 bytes).
    Removing stm32f10x_usart.o(i.USART_SetAddress), (18 bytes).
    Removing stm32f10x_usart.o(i.USART_SetGuardTime), (16 bytes).
    Removing stm32f10x_usart.o(i.USART_SetPrescaler), (16 bytes).
    Removing stm32f10x_usart.o(i.USART_SmartCardCmd), (24 bytes).
    Removing stm32f10x_usart.o(i.USART_SmartCardNACKCmd), (24 bytes).
    Removing stm32f10x_usart.o(i.USART_StructInit), (24 bytes).
    Removing stm32f10x_usart.o(i.USART_WakeUpConfig), (18 bytes).
    Removing stm32f10x_exti.o(i.EXTI_ClearFlag), (12 bytes).
    Removing stm32f10x_exti.o(i.EXTI_DeInit), (36 bytes).
    Removing stm32f10x_exti.o(i.EXTI_GenerateSWInterrupt), (16 bytes).
    Removing stm32f10x_exti.o(i.EXTI_GetFlagStatus), (24 bytes).
    Removing stm32f10x_exti.o(i.EXTI_Init), (148 bytes).
    Removing stm32f10x_exti.o(i.EXTI_StructInit), (16 bytes).
    Removing stm32f10x_pwr.o(i.PWR_BackupAccessCmd), (12 bytes).
    Removing stm32f10x_pwr.o(i.PWR_ClearFlag), (20 bytes).
    Removing stm32f10x_pwr.o(i.PWR_DeInit), (22 bytes).
    Removing stm32f10x_pwr.o(i.PWR_EnterSTANDBYMode), (52 bytes).
    Removing stm32f10x_pwr.o(i.PWR_EnterSTOPMode), (64 bytes).
    Removing stm32f10x_pwr.o(i.PWR_GetFlagStatus), (24 bytes).
    Removing stm32f10x_pwr.o(i.PWR_PVDCmd), (12 bytes).
    Removing stm32f10x_pwr.o(i.PWR_PVDLevelConfig), (24 bytes).
    Removing stm32f10x_pwr.o(i.PWR_WakeUpPinCmd), (12 bytes).
    Removing sys.o(.emb_text), (6 bytes).
    Removing sys.o(i.INTX_DISABLE), (4 bytes).
    Removing sys.o(i.INTX_ENABLE), (4 bytes).
    Removing sys.o(i.WFI_SET), (4 bytes).
    Removing dadd.o(.text), (334 bytes).
    Removing dmul.o(.text), (228 bytes).
    Removing ddiv.o(.text), (222 bytes).
    Removing dfixul.o(.text), (48 bytes).
    Removing cdrcmple.o(.text), (48 bytes).
    Removing depilogue.o(.text), (186 bytes).

259 unused section(s) (total 12873 bytes) removed from the image.

==============================================================================

Image Symbol Table

    Local Symbols

    Symbol Name                              Value     Ov Type        Size  Object(Section)

    ../clib/microlib/division.c              0x00000000   Number         0  uidiv.o ABSOLUTE
    ../clib/microlib/division.c              0x00000000   Number         0  uldiv.o ABSOLUTE
    ../clib/microlib/init/entry.s            0x00000000   Number         0  entry7b.o ABSOLUTE
    ../clib/microlib/init/entry.s            0x00000000   Number         0  entry9a.o ABSOLUTE
    ../clib/microlib/init/entry.s            0x00000000   Number         0  entry10a.o ABSOLUTE
    ../clib/microlib/init/entry.s            0x00000000   Number         0  entry8b.o ABSOLUTE
    ../clib/microlib/init/entry.s            0x00000000   Number         0  entry8a.o ABSOLUTE
    ../clib/microlib/init/entry.s            0x00000000   Number         0  entry7a.o ABSOLUTE
    ../clib/microlib/init/entry.s            0x00000000   Number         0  entry5.o ABSOLUTE
    ../clib/microlib/init/entry.s            0x00000000   Number         0  entry2.o ABSOLUTE
    ../clib/microlib/init/entry.s            0x00000000   Number         0  entry11a.o ABSOLUTE
    ../clib/microlib/init/entry.s            0x00000000   Number         0  entry.o ABSOLUTE
    ../clib/microlib/init/entry.s            0x00000000   Number         0  entry11b.o ABSOLUTE
    ../clib/microlib/init/entry.s            0x00000000   Number         0  entry9b.o ABSOLUTE
    ../clib/microlib/init/entry.s            0x00000000   Number         0  entry10b.o ABSOLUTE
    ../clib/microlib/longlong.c              0x00000000   Number         0  llshl.o ABSOLUTE
    ../clib/microlib/longlong.c              0x00000000   Number         0  llushr.o ABSOLUTE
    ../clib/microlib/longlong.c              0x00000000   Number         0  llsshr.o ABSOLUTE
    ../clib/microlib/printf/printf.c         0x00000000   Number         0  printfb.o ABSOLUTE
    ../clib/microlib/printf/printf.c         0x00000000   Number         0  printf7.o ABSOLUTE
    ../clib/microlib/printf/printf.c         0x00000000   Number         0  printfa.o ABSOLUTE
    ../clib/microlib/printf/printf.c         0x00000000   Number         0  printf8.o ABSOLUTE
    ../clib/microlib/printf/printf.c         0x00000000   Number         0  printf6.o ABSOLUTE
    ../clib/microlib/printf/printf.c         0x00000000   Number         0  printf5.o ABSOLUTE
    ../clib/microlib/printf/printf.c         0x00000000   Number         0  printf3.o ABSOLUTE
    ../clib/microlib/printf/printf.c         0x00000000   Number         0  printf2.o ABSOLUTE
    ../clib/microlib/printf/printf.c         0x00000000   Number         0  printf1.o ABSOLUTE
    ../clib/microlib/printf/printf.c         0x00000000   Number         0  printf4.o ABSOLUTE
    ../clib/microlib/printf/printf.c         0x00000000   Number         0  printf0.o ABSOLUTE
    ../clib/microlib/stdio/streams.c         0x00000000   Number         0  stdout.o ABSOLUTE
    ../clib/microlib/string/memcpy.c         0x00000000   Number         0  memcpya.o ABSOLUTE
    ../clib/microlib/string/memcpy.c         0x00000000   Number         0  memcpyb.o ABSOLUTE
    ../clib/microlib/stubs.s                 0x00000000   Number         0  iusefp.o ABSOLUTE
    ../fplib/microlib/fpadd.c                0x00000000   Number         0  dadd.o ABSOLUTE
    ../fplib/microlib/fpdiv.c                0x00000000   Number         0  ddiv.o ABSOLUTE
    ../fplib/microlib/fpepilogue.c           0x00000000   Number         0  depilogue.o ABSOLUTE
    ../fplib/microlib/fpfix.c                0x00000000   Number         0  dfixul.o ABSOLUTE
    ../fplib/microlib/fpmul.c                0x00000000   Number         0  dmul.o ABSOLUTE
    ..\APPLICATION\AppMain.c                 0x00000000   Number         0  appmain.o ABSOLUTE
    ..\CORE\core_cm3.c                       0x00000000   Number         0  core_cm3.o ABSOLUTE
    ..\CORE\startup_stm32f10x_cl.s           0x00000000   Number         0  startup_stm32f10x_cl.o ABSOLUTE
    ..\HARDWARE\DELAY\delay.c                0x00000000   Number         0  delay.o ABSOLUTE
    ..\HARDWARE\LED\led.c                    0x00000000   Number         0  led.o ABSOLUTE
    ..\HARDWARE\LIBCAN\LibCAN.c              0x00000000   Number         0  libcan.o ABSOLUTE
    ..\HARDWARE\LIBCAN\lib_can_queue.c       0x00000000   Number         0  lib_can_queue.o ABSOLUTE
    ..\HARDWARE\LIBDI\LibDI.c                0x00000000   Number         0  libdi.o ABSOLUTE
    ..\HARDWARE\LIBDO\LibDO.c                0x00000000   Number         0  libdo.o ABSOLUTE
    ..\HARDWARE\LIBEEPROM\LibEeprom.c        0x00000000   Number         0  libeeprom.o ABSOLUTE
    ..\HARDWARE\LIBTIMER\LibTimer.c          0x00000000   Number         0  libtimer.o ABSOLUTE
    ..\HARDWARE\LIBUSART\serial.c            0x00000000   Number         0  serial.o ABSOLUTE
    ..\HARDWARE\LIBVAR\LibVarDefine.c        0x00000000   Number         0  libvardefine.o ABSOLUTE
    ..\HARDWARE\LIBWATCHDOG\LibWatchDog.c    0x00000000   Number         0  libwatchdog.o ABSOLUTE
    ..\STMFWLIB\src\misc.c                   0x00000000   Number         0  misc.o ABSOLUTE
    ..\STMFWLIB\src\stm32f10x_can.c          0x00000000   Number         0  stm32f10x_can.o ABSOLUTE
    ..\STMFWLIB\src\stm32f10x_exti.c         0x00000000   Number         0  stm32f10x_exti.o ABSOLUTE
    ..\STMFWLIB\src\stm32f10x_gpio.c         0x00000000   Number         0  stm32f10x_gpio.o ABSOLUTE
    ..\STMFWLIB\src\stm32f10x_iwdg.c         0x00000000   Number         0  stm32f10x_iwdg.o ABSOLUTE
    ..\STMFWLIB\src\stm32f10x_pwr.c          0x00000000   Number         0  stm32f10x_pwr.o ABSOLUTE
    ..\STMFWLIB\src\stm32f10x_rcc.c          0x00000000   Number         0  stm32f10x_rcc.o ABSOLUTE
    ..\STMFWLIB\src\stm32f10x_spi.c          0x00000000   Number         0  stm32f10x_spi.o ABSOLUTE
    ..\STMFWLIB\src\stm32f10x_tim.c          0x00000000   Number         0  stm32f10x_tim.o ABSOLUTE
    ..\STMFWLIB\src\stm32f10x_usart.c        0x00000000   Number         0  stm32f10x_usart.o ABSOLUTE
    ..\SYSTEM\sys\sys.c                      0x00000000   Number         0  sys.o ABSOLUTE
    ..\\CORE\\core_cm3.c                     0x00000000   Number         0  core_cm3.o ABSOLUTE
    ..\\SYSTEM\\sys\\sys.c                   0x00000000   Number         0  sys.o ABSOLUTE
    LibLpc.c                                 0x00000000   Number         0  liblpc.o ABSOLUTE
    cdrcmple.s                               0x00000000   Number         0  cdrcmple.o ABSOLUTE
    dc.s                                     0x00000000   Number         0  dc.o ABSOLUTE
    handlers.s                               0x00000000   Number         0  handlers.o ABSOLUTE
    init.s                                   0x00000000   Number         0  init.o ABSOLUTE
    main.c                                   0x00000000   Number         0  main.o ABSOLUTE
    stm32f10x_it.c                           0x00000000   Number         0  stm32f10x_it.o ABSOLUTE
    system_stm32f10x.c                       0x00000000   Number         0  system_stm32f10x.o ABSOLUTE
    RESET                                    0x08010000   Section      336  startup_stm32f10x_cl.o(RESET)
    .ARM.Collect$$$$00000000                 0x08010150   Section        0  entry.o(.ARM.Collect$$$$00000000)
    .ARM.Collect$$$$00000001                 0x08010150   Section        4  entry2.o(.ARM.Collect$$$$00000001)
    .ARM.Collect$$$$00000004                 0x08010154   Section        4  entry5.o(.ARM.Collect$$$$00000004)
    .ARM.Collect$$$$00000008                 0x08010158   Section        0  entry7b.o(.ARM.Collect$$$$00000008)
    .ARM.Collect$$$$0000000A                 0x08010158   Section        0  entry8b.o(.ARM.Collect$$$$0000000A)
    .ARM.Collect$$$$0000000B                 0x08010158   Section        8  entry9a.o(.ARM.Collect$$$$0000000B)
    .ARM.Collect$$$$0000000D                 0x08010160   Section        0  entry10a.o(.ARM.Collect$$$$0000000D)
    .ARM.Collect$$$$0000000F                 0x08010160   Section        0  entry11a.o(.ARM.Collect$$$$0000000F)
    .ARM.Collect$$$$00002712                 0x08010160   Section        4  entry2.o(.ARM.Collect$$$$00002712)
    __lit__00000000                          0x08010160   Data           4  entry2.o(.ARM.Collect$$$$00002712)
    .text                                    0x08010164   Section       36  startup_stm32f10x_cl.o(.text)
    .text                                    0x08010188   Section        0  memcpya.o(.text)
    .text                                    0x080101ac   Section       36  init.o(.text)
    i.AppInit                                0x080101d0   Section        0  appmain.o(i.AppInit)
    i.AppMain                                0x08010298   Section        0  appmain.o(i.AppMain)
    i.BusFault_Handler                       0x08010360   Section        0  stm32f10x_it.o(i.BusFault_Handler)
    i.CAN1_Mode_Init                         0x08010364   Section        0  libcan.o(i.CAN1_Mode_Init)
    i.CAN1_RX0_IRQHandler                    0x08010540   Section        0  libcan.o(i.CAN1_RX0_IRQHandler)
    i.CAN1_RX1_IRQHandler                    0x080105b8   Section        0  libcan.o(i.CAN1_RX1_IRQHandler)
    i.CAN2_RX0_IRQHandler                    0x08010630   Section        0  libcan.o(i.CAN2_RX0_IRQHandler)
    i.CAN2_RX1_IRQHandler                    0x080106a8   Section        0  libcan.o(i.CAN2_RX1_IRQHandler)
    i.CAN_FilterInit                         0x08010720   Section        0  stm32f10x_can.o(i.CAN_FilterInit)
    i.CAN_GetITStatus                        0x08010828   Section        0  stm32f10x_can.o(i.CAN_GetITStatus)
    i.CAN_ITConfig                           0x08010948   Section        0  stm32f10x_can.o(i.CAN_ITConfig)
    i.CAN_Init                               0x0801095a   Section        0  stm32f10x_can.o(i.CAN_Init)
    i.CAN_Receive                            0x08010a6e   Section        0  stm32f10x_can.o(i.CAN_Receive)
    i.CAN_Transmit                           0x08010b5e   Section        0  stm32f10x_can.o(i.CAN_Transmit)
    i.CheckITStatus                          0x08010c84   Section        0  stm32f10x_can.o(i.CheckITStatus)
    CheckITStatus                            0x08010c85   Thumb Code    18  stm32f10x_can.o(i.CheckITStatus)
    i.DebugMon_Handler                       0x08010c96   Section        0  stm32f10x_it.o(i.DebugMon_Handler)
    i.EXTI1_IRQHandler                       0x08010c98   Section        0  liblpc.o(i.EXTI1_IRQHandler)
    i.EXTI_ClearITPendingBit                 0x08010cac   Section        0  stm32f10x_exti.o(i.EXTI_ClearITPendingBit)
    i.EXTI_GetITStatus                       0x08010cb8   Section        0  stm32f10x_exti.o(i.EXTI_GetITStatus)
    i.GPIO_Init                              0x08010ce0   Section        0  stm32f10x_gpio.o(i.GPIO_Init)
    i.GPIO_PinRemapConfig                    0x08010df8   Section        0  stm32f10x_gpio.o(i.GPIO_PinRemapConfig)
    i.GPIO_SetBits                           0x08010e88   Section        0  stm32f10x_gpio.o(i.GPIO_SetBits)
    i.HardFault_Handler                      0x08010e8c   Section        0  stm32f10x_it.o(i.HardFault_Handler)
    i.LED_Init                               0x08010e90   Section        0  led.o(i.LED_Init)
    i.LibCan1ReadReceiveData                 0x08010ec4   Section        0  libcan.o(i.LibCan1ReadReceiveData)
    i.LibCan1ReceiveFlag                     0x08010f18   Section        0  libcan.o(i.LibCan1ReceiveFlag)
    i.LibCan1SendData                        0x08010f38   Section        0  libcan.o(i.LibCan1SendData)
    i.LibCan1SetRecMode                      0x08010f9c   Section        0  libcan.o(i.LibCan1SetRecMode)
    i.LibDIInit                              0x08011058   Section        0  libdi.o(i.LibDIInit)
    i.LibDOInit                              0x080110ac   Section        0  libdo.o(i.LibDOInit)
    i.LibSetValueDOH                         0x08011128   Section        0  libdo.o(i.LibSetValueDOH)
    i.LibTimerChannelHandle                  0x08011240   Section        0  libtimer.o(i.LibTimerChannelHandle)
    LibTimerChannelHandle                    0x08011241   Thumb Code   282  libtimer.o(i.LibTimerChannelHandle)
    i.LibTimerGet                            0x080113ac   Section        0  libtimer.o(i.LibTimerGet)
    i.LibTimerInit                           0x08011494   Section        0  libtimer.o(i.LibTimerInit)
    i.LibTimerSet                            0x080114f4   Section        0  libtimer.o(i.LibTimerSet)
    i.MemManage_Handler                      0x080115d8   Section        0  stm32f10x_it.o(i.MemManage_Handler)
    i.NMI_Handler                            0x080115dc   Section        0  stm32f10x_it.o(i.NMI_Handler)
    i.NVIC_Init                              0x080115e0   Section        0  misc.o(i.NVIC_Init)
    i.PendSV_Handler                         0x08011650   Section        0  stm32f10x_it.o(i.PendSV_Handler)
    i.RCC_APB1PeriphClockCmd                 0x08011654   Section        0  stm32f10x_rcc.o(i.RCC_APB1PeriphClockCmd)
    i.RCC_APB2PeriphClockCmd                 0x08011674   Section        0  stm32f10x_rcc.o(i.RCC_APB2PeriphClockCmd)
    i.RCC_GetClocksFreq                      0x08011694   Section        0  stm32f10x_rcc.o(i.RCC_GetClocksFreq)
    i.SPI_Cmd                                0x08011824   Section        0  stm32f10x_spi.o(i.SPI_Cmd)
    i.SPI_Init                               0x0801183c   Section        0  stm32f10x_spi.o(i.SPI_Init)
    i.SVC_Handler                            0x08011878   Section        0  stm32f10x_it.o(i.SVC_Handler)
    i.SetSysClock                            0x0801187a   Section        0  system_stm32f10x.o(i.SetSysClock)
    SetSysClock                              0x0801187b   Thumb Code     8  system_stm32f10x.o(i.SetSysClock)
    i.SetSysClockTo72                        0x08011884   Section        0  system_stm32f10x.o(i.SetSysClockTo72)
    SetSysClockTo72                          0x08011885   Thumb Code   264  system_stm32f10x.o(i.SetSysClockTo72)
    i.SysTick_CLKSourceConfig                0x0801199c   Section        0  misc.o(i.SysTick_CLKSourceConfig)
    i.SysTick_Handler                        0x080119c4   Section        0  stm32f10x_it.o(i.SysTick_Handler)
    i.SystemInit                             0x080119c8   Section        0  system_stm32f10x.o(i.SystemInit)
    i.TIM2_IRQHandler                        0x08011a34   Section        0  libtimer.o(i.TIM2_IRQHandler)
    i.TIM_ClearITPendingBit                  0x08011a4e   Section        0  stm32f10x_tim.o(i.TIM_ClearITPendingBit)
    i.TIM_Cmd                                0x08011a54   Section        0  stm32f10x_tim.o(i.TIM_Cmd)
    i.TIM_GetITStatus                        0x08011a6c   Section        0  stm32f10x_tim.o(i.TIM_GetITStatus)
    i.TIM_ITConfig                           0x08011a8e   Section        0  stm32f10x_tim.o(i.TIM_ITConfig)
    i.TIM_TimeBaseInit                       0x08011aa0   Section        0  stm32f10x_tim.o(i.TIM_TimeBaseInit)
    i.USART1_IRQHandler                      0x08011b44   Section        0  serial.o(i.USART1_IRQHandler)
    i.USART_Cmd                              0x08011c70   Section        0  stm32f10x_usart.o(i.USART_Cmd)
    i.USART_GetFlagStatus                    0x08011c88   Section        0  stm32f10x_usart.o(i.USART_GetFlagStatus)
    i.USART_GetITStatus                      0x08011ca2   Section        0  stm32f10x_usart.o(i.USART_GetITStatus)
    i.USART_ITConfig                         0x08011cf6   Section        0  stm32f10x_usart.o(i.USART_ITConfig)
    i.USART_Init                             0x08011d40   Section        0  stm32f10x_usart.o(i.USART_Init)
    i.USART_ReceiveData                      0x08011e18   Section        0  stm32f10x_usart.o(i.USART_ReceiveData)
    i.USART_SendData                         0x08011e22   Section        0  stm32f10x_usart.o(i.USART_SendData)
    i.UsageFault_Handler                     0x08011e2a   Section        0  stm32f10x_it.o(i.UsageFault_Handler)
    i.__0printf$bare                         0x08011e30   Section        0  printfb.o(i.__0printf$bare)
    i.__scatterload_copy                     0x08011e40   Section       14  handlers.o(i.__scatterload_copy)
    i.__scatterload_null                     0x08011e4e   Section        2  handlers.o(i.__scatterload_null)
    i.__scatterload_zeroinit                 0x08011e50   Section       14  handlers.o(i.__scatterload_zeroinit)
    i._printf_core                           0x08011e5e   Section        0  printfb.o(i._printf_core)
    _printf_core                             0x08011e5f   Thumb Code    34  printfb.o(i._printf_core)
    i.can_queue_main                         0x08011e80   Section        0  lib_can_queue.o(i.can_queue_main)
    i.check_can_mailbox                      0x08011ecc   Section        0  lib_can_queue.o(i.check_can_mailbox)
    i.delay_init                             0x08011f04   Section        0  delay.o(i.delay_init)
    i.eeprom_init                            0x08011f48   Section        0  libeeprom.o(i.eeprom_init)
    i.fputc                                  0x08011fec   Section        0  serial.o(i.fputc)
    i.lib_can_queue_get_size                 0x08012010   Section        0  lib_can_queue.o(i.lib_can_queue_get_size)
    i.lib_can_queue_init                     0x08012020   Section        0  lib_can_queue.o(i.lib_can_queue_init)
    i.lib_can_queue_pop                      0x08012038   Section        0  lib_can_queue.o(i.lib_can_queue_pop)
    i.lib_can_queue_push                     0x08012072   Section        0  lib_can_queue.o(i.lib_can_queue_push)
    i.main                                   0x080120a4   Section        0  main.o(i.main)
    i.serial_init                            0x080120c8   Section        0  serial.o(i.serial_init)
    i.serial_read                            0x08012184   Section        0  serial.o(i.serial_read)
    i.serial_write                           0x08012224   Section        0  serial.o(i.serial_write)
    i.sys_init                               0x080122c0   Section        0  main.o(i.sys_init)
    .data                                    0x20000000   Section       20  system_stm32f10x.o(.data)
    .data                                    0x20000014   Section        4  delay.o(.data)
    fac_us                                   0x20000014   Data           1  delay.o(.data)
    fac_ms                                   0x20000016   Data           2  delay.o(.data)
    .data                                    0x20000018   Section       77  libtimer.o(.data)
    .data                                    0x20000065   Section       20  stm32f10x_rcc.o(.data)
    APBAHBPrescTable                         0x20000065   Data          16  stm32f10x_rcc.o(.data)
    ADCPrescTable                            0x20000075   Data           4  stm32f10x_rcc.o(.data)
    .data                                    0x2000007c   Section        4  stdout.o(.data)
    .bss                                     0x20000080   Section     1756  libvardefine.o(.bss)
    .bss                                     0x2000075c   Section     5136  lib_can_queue.o(.bss)
    .bss                                     0x20001b6c   Section      528  serial.o(.bss)
    STACK                                    0x20001d80   Section     1024  startup_stm32f10x_cl.o(STACK)

    Global Symbols

    Symbol Name                              Value     Ov Type        Size  Object(Section)

    BuildAttributes$$THM_ISAv4$P$D$K$B$S$PE$A:L22UL41UL21$X:L11$S22US41US21$IEEE1$IW$USESV6$~STKCKD$USESV7$~SHL$OSPACE$ROPI$EBA8$MICROLIB$REQ8$PRES8$EABIv2 0x00000000   Number         0  anon$$obj.o ABSOLUTE
    __ARM_use_no_argv                        0x00000000   Number         0  main.o ABSOLUTE
    __cpp_initialize__aeabi_                  - Undefined Weak Reference
    __cxa_finalize                            - Undefined Weak Reference
    __decompress                              - Undefined Weak Reference
    _clock_init                               - Undefined Weak Reference
    _microlib_exit                            - Undefined Weak Reference
    __Vectors_Size                           0x00000150   Number         0  startup_stm32f10x_cl.o ABSOLUTE
    __Vectors                                0x08010000   Data           4  startup_stm32f10x_cl.o(RESET)
    __Vectors_End                            0x08010150   Data           0  startup_stm32f10x_cl.o(RESET)
    __main                                   0x08010151   Thumb Code     0  entry.o(.ARM.Collect$$$$00000000)
    _main_stk                                0x08010151   Thumb Code     0  entry2.o(.ARM.Collect$$$$00000001)
    _main_scatterload                        0x08010155   Thumb Code     0  entry5.o(.ARM.Collect$$$$00000004)
    __main_after_scatterload                 0x08010159   Thumb Code     0  entry5.o(.ARM.Collect$$$$00000004)
    _main_clock                              0x08010159   Thumb Code     0  entry7b.o(.ARM.Collect$$$$00000008)
    _main_cpp_init                           0x08010159   Thumb Code     0  entry8b.o(.ARM.Collect$$$$0000000A)
    _main_init                               0x08010159   Thumb Code     0  entry9a.o(.ARM.Collect$$$$0000000B)
    __rt_final_cpp                           0x08010161   Thumb Code     0  entry10a.o(.ARM.Collect$$$$0000000D)
    __rt_final_exit                          0x08010161   Thumb Code     0  entry11a.o(.ARM.Collect$$$$0000000F)
    Reset_Handler                            0x08010165   Thumb Code     8  startup_stm32f10x_cl.o(.text)
    ADC1_2_IRQHandler                        0x0801017f   Thumb Code     0  startup_stm32f10x_cl.o(.text)
    CAN1_SCE_IRQHandler                      0x0801017f   Thumb Code     0  startup_stm32f10x_cl.o(.text)
    CAN1_TX_IRQHandler                       0x0801017f   Thumb Code     0  startup_stm32f10x_cl.o(.text)
    CAN2_SCE_IRQHandler                      0x0801017f   Thumb Code     0  startup_stm32f10x_cl.o(.text)
    CAN2_TX_IRQHandler                       0x0801017f   Thumb Code     0  startup_stm32f10x_cl.o(.text)
    DMA1_Channel1_IRQHandler                 0x0801017f   Thumb Code     0  startup_stm32f10x_cl.o(.text)
    DMA1_Channel2_IRQHandler                 0x0801017f   Thumb Code     0  startup_stm32f10x_cl.o(.text)
    DMA1_Channel3_IRQHandler                 0x0801017f   Thumb Code     0  startup_stm32f10x_cl.o(.text)
    DMA1_Channel4_IRQHandler                 0x0801017f   Thumb Code     0  startup_stm32f10x_cl.o(.text)
    DMA1_Channel5_IRQHandler                 0x0801017f   Thumb Code     0  startup_stm32f10x_cl.o(.text)
    DMA1_Channel6_IRQHandler                 0x0801017f   Thumb Code     0  startup_stm32f10x_cl.o(.text)
    DMA1_Channel7_IRQHandler                 0x0801017f   Thumb Code     0  startup_stm32f10x_cl.o(.text)
    DMA2_Channel1_IRQHandler                 0x0801017f   Thumb Code     0  startup_stm32f10x_cl.o(.text)
    DMA2_Channel2_IRQHandler                 0x0801017f   Thumb Code     0  startup_stm32f10x_cl.o(.text)
    DMA2_Channel3_IRQHandler                 0x0801017f   Thumb Code     0  startup_stm32f10x_cl.o(.text)
    DMA2_Channel4_IRQHandler                 0x0801017f   Thumb Code     0  startup_stm32f10x_cl.o(.text)
    DMA2_Channel5_IRQHandler                 0x0801017f   Thumb Code     0  startup_stm32f10x_cl.o(.text)
    ETH_IRQHandler                           0x0801017f   Thumb Code     0  startup_stm32f10x_cl.o(.text)
    ETH_WKUP_IRQHandler                      0x0801017f   Thumb Code     0  startup_stm32f10x_cl.o(.text)
    EXTI0_IRQHandler                         0x0801017f   Thumb Code     0  startup_stm32f10x_cl.o(.text)
    EXTI15_10_IRQHandler                     0x0801017f   Thumb Code     0  startup_stm32f10x_cl.o(.text)
    EXTI2_IRQHandler                         0x0801017f   Thumb Code     0  startup_stm32f10x_cl.o(.text)
    EXTI3_IRQHandler                         0x0801017f   Thumb Code     0  startup_stm32f10x_cl.o(.text)
    EXTI4_IRQHandler                         0x0801017f   Thumb Code     0  startup_stm32f10x_cl.o(.text)
    EXTI9_5_IRQHandler                       0x0801017f   Thumb Code     0  startup_stm32f10x_cl.o(.text)
    FLASH_IRQHandler                         0x0801017f   Thumb Code     0  startup_stm32f10x_cl.o(.text)
    I2C1_ER_IRQHandler                       0x0801017f   Thumb Code     0  startup_stm32f10x_cl.o(.text)
    I2C1_EV_IRQHandler                       0x0801017f   Thumb Code     0  startup_stm32f10x_cl.o(.text)
    I2C2_ER_IRQHandler                       0x0801017f   Thumb Code     0  startup_stm32f10x_cl.o(.text)
    I2C2_EV_IRQHandler                       0x0801017f   Thumb Code     0  startup_stm32f10x_cl.o(.text)
    OTG_FS_IRQHandler                        0x0801017f   Thumb Code     0  startup_stm32f10x_cl.o(.text)
    OTG_FS_WKUP_IRQHandler                   0x0801017f   Thumb Code     0  startup_stm32f10x_cl.o(.text)
    PVD_IRQHandler                           0x0801017f   Thumb Code     0  startup_stm32f10x_cl.o(.text)
    RCC_IRQHandler                           0x0801017f   Thumb Code     0  startup_stm32f10x_cl.o(.text)
    RTCAlarm_IRQHandler                      0x0801017f   Thumb Code     0  startup_stm32f10x_cl.o(.text)
    RTC_IRQHandler                           0x0801017f   Thumb Code     0  startup_stm32f10x_cl.o(.text)
    SPI1_IRQHandler                          0x0801017f   Thumb Code     0  startup_stm32f10x_cl.o(.text)
    SPI2_IRQHandler                          0x0801017f   Thumb Code     0  startup_stm32f10x_cl.o(.text)
    SPI3_IRQHandler                          0x0801017f   Thumb Code     0  startup_stm32f10x_cl.o(.text)
    TAMPER_IRQHandler                        0x0801017f   Thumb Code     0  startup_stm32f10x_cl.o(.text)
    TIM1_BRK_IRQHandler                      0x0801017f   Thumb Code     0  startup_stm32f10x_cl.o(.text)
    TIM1_CC_IRQHandler                       0x0801017f   Thumb Code     0  startup_stm32f10x_cl.o(.text)
    TIM1_TRG_COM_IRQHandler                  0x0801017f   Thumb Code     0  startup_stm32f10x_cl.o(.text)
    TIM1_UP_IRQHandler                       0x0801017f   Thumb Code     0  startup_stm32f10x_cl.o(.text)
    TIM3_IRQHandler                          0x0801017f   Thumb Code     0  startup_stm32f10x_cl.o(.text)
    TIM4_IRQHandler                          0x0801017f   Thumb Code     0  startup_stm32f10x_cl.o(.text)
    TIM5_IRQHandler                          0x0801017f   Thumb Code     0  startup_stm32f10x_cl.o(.text)
    TIM6_IRQHandler                          0x0801017f   Thumb Code     0  startup_stm32f10x_cl.o(.text)
    TIM7_IRQHandler                          0x0801017f   Thumb Code     0  startup_stm32f10x_cl.o(.text)
    UART4_IRQHandler                         0x0801017f   Thumb Code     0  startup_stm32f10x_cl.o(.text)
    UART5_IRQHandler                         0x0801017f   Thumb Code     0  startup_stm32f10x_cl.o(.text)
    USART2_IRQHandler                        0x0801017f   Thumb Code     0  startup_stm32f10x_cl.o(.text)
    USART3_IRQHandler                        0x0801017f   Thumb Code     0  startup_stm32f10x_cl.o(.text)
    WWDG_IRQHandler                          0x0801017f   Thumb Code     0  startup_stm32f10x_cl.o(.text)
    __aeabi_memcpy                           0x08010189   Thumb Code    36  memcpya.o(.text)
    __aeabi_memcpy4                          0x08010189   Thumb Code     0  memcpya.o(.text)
    __aeabi_memcpy8                          0x08010189   Thumb Code     0  memcpya.o(.text)
    __scatterload                            0x080101ad   Thumb Code    28  init.o(.text)
    __scatterload_rt2                        0x080101ad   Thumb Code     0  init.o(.text)
    AppInit                                  0x080101d1   Thumb Code   180  appmain.o(i.AppInit)
    AppMain                                  0x08010299   Thumb Code   192  appmain.o(i.AppMain)
    BusFault_Handler                         0x08010361   Thumb Code     4  stm32f10x_it.o(i.BusFault_Handler)
    CAN1_Mode_Init                           0x08010365   Thumb Code   468  libcan.o(i.CAN1_Mode_Init)
    CAN1_RX0_IRQHandler                      0x08010541   Thumb Code    98  libcan.o(i.CAN1_RX0_IRQHandler)
    CAN1_RX1_IRQHandler                      0x080105b9   Thumb Code    98  libcan.o(i.CAN1_RX1_IRQHandler)
    CAN2_RX0_IRQHandler                      0x08010631   Thumb Code    98  libcan.o(i.CAN2_RX0_IRQHandler)
    CAN2_RX1_IRQHandler                      0x080106a9   Thumb Code    98  libcan.o(i.CAN2_RX1_IRQHandler)
    CAN_FilterInit                           0x08010721   Thumb Code   258  stm32f10x_can.o(i.CAN_FilterInit)
    CAN_GetITStatus                          0x08010829   Thumb Code   284  stm32f10x_can.o(i.CAN_GetITStatus)
    CAN_ITConfig                             0x08010949   Thumb Code    18  stm32f10x_can.o(i.CAN_ITConfig)
    CAN_Init                                 0x0801095b   Thumb Code   276  stm32f10x_can.o(i.CAN_Init)
    CAN_Receive                              0x08010a6f   Thumb Code   240  stm32f10x_can.o(i.CAN_Receive)
    CAN_Transmit                             0x08010b5f   Thumb Code   294  stm32f10x_can.o(i.CAN_Transmit)
    DebugMon_Handler                         0x08010c97   Thumb Code     2  stm32f10x_it.o(i.DebugMon_Handler)
    EXTI1_IRQHandler                         0x08010c99   Thumb Code    18  liblpc.o(i.EXTI1_IRQHandler)
    EXTI_ClearITPendingBit                   0x08010cad   Thumb Code     6  stm32f10x_exti.o(i.EXTI_ClearITPendingBit)
    EXTI_GetITStatus                         0x08010cb9   Thumb Code    34  stm32f10x_exti.o(i.EXTI_GetITStatus)
    GPIO_Init                                0x08010ce1   Thumb Code   278  stm32f10x_gpio.o(i.GPIO_Init)
    GPIO_PinRemapConfig                      0x08010df9   Thumb Code   138  stm32f10x_gpio.o(i.GPIO_PinRemapConfig)
    GPIO_SetBits                             0x08010e89   Thumb Code     4  stm32f10x_gpio.o(i.GPIO_SetBits)
    HardFault_Handler                        0x08010e8d   Thumb Code     4  stm32f10x_it.o(i.HardFault_Handler)
    LED_Init                                 0x08010e91   Thumb Code    44  led.o(i.LED_Init)
    LibCan1ReadReceiveData                   0x08010ec5   Thumb Code    68  libcan.o(i.LibCan1ReadReceiveData)
    LibCan1ReceiveFlag                       0x08010f19   Thumb Code    22  libcan.o(i.LibCan1ReceiveFlag)
    LibCan1SendData                          0x08010f39   Thumb Code    96  libcan.o(i.LibCan1SendData)
    LibCan1SetRecMode                        0x08010f9d   Thumb Code   180  libcan.o(i.LibCan1SetRecMode)
    LibDIInit                                0x08011059   Thumb Code    70  libdi.o(i.LibDIInit)
    LibDOInit                                0x080110ad   Thumb Code   102  libdo.o(i.LibDOInit)
    LibSetValueDOH                           0x08011129   Thumb Code   258  libdo.o(i.LibSetValueDOH)
    LibTimerGet                              0x080113ad   Thumb Code   152  libtimer.o(i.LibTimerGet)
    LibTimerInit                             0x08011495   Thumb Code    94  libtimer.o(i.LibTimerInit)
    LibTimerSet                              0x080114f5   Thumb Code   146  libtimer.o(i.LibTimerSet)
    MemManage_Handler                        0x080115d9   Thumb Code     4  stm32f10x_it.o(i.MemManage_Handler)
    NMI_Handler                              0x080115dd   Thumb Code     2  stm32f10x_it.o(i.NMI_Handler)
    NVIC_Init                                0x080115e1   Thumb Code   100  misc.o(i.NVIC_Init)
    PendSV_Handler                           0x08011651   Thumb Code     2  stm32f10x_it.o(i.PendSV_Handler)
    RCC_APB1PeriphClockCmd                   0x08011655   Thumb Code    26  stm32f10x_rcc.o(i.RCC_APB1PeriphClockCmd)
    RCC_APB2PeriphClockCmd                   0x08011675   Thumb Code    26  stm32f10x_rcc.o(i.RCC_APB2PeriphClockCmd)
    RCC_GetClocksFreq                        0x08011695   Thumb Code   374  stm32f10x_rcc.o(i.RCC_GetClocksFreq)
    SPI_Cmd                                  0x08011825   Thumb Code    24  stm32f10x_spi.o(i.SPI_Cmd)
    SPI_Init                                 0x0801183d   Thumb Code    60  stm32f10x_spi.o(i.SPI_Init)
    SVC_Handler                              0x08011879   Thumb Code     2  stm32f10x_it.o(i.SVC_Handler)
    SysTick_CLKSourceConfig                  0x0801199d   Thumb Code    40  misc.o(i.SysTick_CLKSourceConfig)
    SysTick_Handler                          0x080119c5   Thumb Code     2  stm32f10x_it.o(i.SysTick_Handler)
    SystemInit                               0x080119c9   Thumb Code    92  system_stm32f10x.o(i.SystemInit)
    TIM2_IRQHandler                          0x08011a35   Thumb Code    26  libtimer.o(i.TIM2_IRQHandler)
    TIM_ClearITPendingBit                    0x08011a4f   Thumb Code     6  stm32f10x_tim.o(i.TIM_ClearITPendingBit)
    TIM_Cmd                                  0x08011a55   Thumb Code    24  stm32f10x_tim.o(i.TIM_Cmd)
    TIM_GetITStatus                          0x08011a6d   Thumb Code    34  stm32f10x_tim.o(i.TIM_GetITStatus)
    TIM_ITConfig                             0x08011a8f   Thumb Code    18  stm32f10x_tim.o(i.TIM_ITConfig)
    TIM_TimeBaseInit                         0x08011aa1   Thumb Code   122  stm32f10x_tim.o(i.TIM_TimeBaseInit)
    USART1_IRQHandler                        0x08011b45   Thumb Code   288  serial.o(i.USART1_IRQHandler)
    USART_Cmd                                0x08011c71   Thumb Code    24  stm32f10x_usart.o(i.USART_Cmd)
    USART_GetFlagStatus                      0x08011c89   Thumb Code    26  stm32f10x_usart.o(i.USART_GetFlagStatus)
    USART_GetITStatus                        0x08011ca3   Thumb Code    84  stm32f10x_usart.o(i.USART_GetITStatus)
    USART_ITConfig                           0x08011cf7   Thumb Code    74  stm32f10x_usart.o(i.USART_ITConfig)
    USART_Init                               0x08011d41   Thumb Code   210  stm32f10x_usart.o(i.USART_Init)
    USART_ReceiveData                        0x08011e19   Thumb Code    10  stm32f10x_usart.o(i.USART_ReceiveData)
    USART_SendData                           0x08011e23   Thumb Code     8  stm32f10x_usart.o(i.USART_SendData)
    UsageFault_Handler                       0x08011e2b   Thumb Code     4  stm32f10x_it.o(i.UsageFault_Handler)
    __0printf$bare                           0x08011e31   Thumb Code     8  printfb.o(i.__0printf$bare)
    __1printf$bare                           0x08011e31   Thumb Code     0  printfb.o(i.__0printf$bare)
    __2printf                                0x08011e31   Thumb Code     0  printfb.o(i.__0printf$bare)
    __scatterload_copy                       0x08011e41   Thumb Code    14  handlers.o(i.__scatterload_copy)
    __scatterload_null                       0x08011e4f   Thumb Code     2  handlers.o(i.__scatterload_null)
    __scatterload_zeroinit                   0x08011e51   Thumb Code    14  handlers.o(i.__scatterload_zeroinit)
    can_queue_main                           0x08011e81   Thumb Code    60  lib_can_queue.o(i.can_queue_main)
    check_can_mailbox                        0x08011ecd   Thumb Code    56  lib_can_queue.o(i.check_can_mailbox)
    delay_init                               0x08011f05   Thumb Code    50  delay.o(i.delay_init)
    eeprom_init                              0x08011f49   Thumb Code   154  libeeprom.o(i.eeprom_init)
    fputc                                    0x08011fed   Thumb Code    32  serial.o(i.fputc)
    lib_can_queue_get_size                   0x08012011   Thumb Code    14  lib_can_queue.o(i.lib_can_queue_get_size)
    lib_can_queue_init                       0x08012021   Thumb Code    16  lib_can_queue.o(i.lib_can_queue_init)
    lib_can_queue_pop                        0x08012039   Thumb Code    58  lib_can_queue.o(i.lib_can_queue_pop)
    lib_can_queue_push                       0x08012073   Thumb Code    50  lib_can_queue.o(i.lib_can_queue_push)
    main                                     0x080120a5   Thumb Code    26  main.o(i.main)
    serial_init                              0x080120c9   Thumb Code   172  serial.o(i.serial_init)
    serial_read                              0x08012185   Thumb Code   150  serial.o(i.serial_read)
    serial_write                             0x08012225   Thumb Code   146  serial.o(i.serial_write)
    sys_init                                 0x080122c1   Thumb Code    60  main.o(i.sys_init)
    Region$$Table$$Base                      0x080122fc   Number         0  anon$$obj.o(Region$$Table)
    Region$$Table$$Limit                     0x0801231c   Number         0  anon$$obj.o(Region$$Table)
    SystemCoreClock                          0x20000000   Data           4  system_stm32f10x.o(.data)
    AHBPrescTable                            0x20000004   Data          16  system_stm32f10x.o(.data)
    timer_01_count                           0x20000018   Data           4  libtimer.o(.data)
    timer_01_flag                            0x2000001c   Data           1  libtimer.o(.data)
    timer_02_count                           0x20000020   Data           4  libtimer.o(.data)
    timer_02_flag                            0x20000024   Data           1  libtimer.o(.data)
    timer_03_count                           0x20000028   Data           4  libtimer.o(.data)
    timer_03_flag                            0x2000002c   Data           1  libtimer.o(.data)
    timer_04_count                           0x20000030   Data           4  libtimer.o(.data)
    timer_04_flag                            0x20000034   Data           1  libtimer.o(.data)
    timer_05_count                           0x20000038   Data           4  libtimer.o(.data)
    timer_05_flag                            0x2000003c   Data           1  libtimer.o(.data)
    timer_06_count                           0x20000040   Data           4  libtimer.o(.data)
    timer_06_flag                            0x20000044   Data           1  libtimer.o(.data)
    timer_07_count                           0x20000048   Data           4  libtimer.o(.data)
    timer_07_flag                            0x2000004c   Data           1  libtimer.o(.data)
    timer_08_count                           0x20000050   Data           4  libtimer.o(.data)
    timer_08_flag                            0x20000054   Data           1  libtimer.o(.data)
    timer_09_count                           0x20000058   Data           4  libtimer.o(.data)
    timer_09_flag                            0x2000005c   Data           1  libtimer.o(.data)
    timer_10_count                           0x20000060   Data           4  libtimer.o(.data)
    timer_10_flag                            0x20000064   Data           1  libtimer.o(.data)
    __stdout                                 0x2000007c   Data           4  stdout.o(.data)
    DO_State                                 0x20000080   Data          18  libvardefine.o(.bss)
    LibVarCan1BufferMode                     0x20000092   Data          56  libvardefine.o(.bss)
    LibVarCan1ReceiveTargetID                0x200000cc   Data         224  libvardefine.o(.bss)
    LibVarCan1ReceiveFlag                    0x200001ac   Data          56  libvardefine.o(.bss)
    LibVarCan1ReceiveData                    0x200001e4   Data         448  libvardefine.o(.bss)
    LibVarCan1ReceiveLength                  0x200003a4   Data          56  libvardefine.o(.bss)
    LibVarCan2BufferMode                     0x200003dc   Data          56  libvardefine.o(.bss)
    LibVarCan2ReceiveTargetID                0x20000414   Data         224  libvardefine.o(.bss)
    LibVarCan2ReceiveFlag                    0x200004f4   Data          56  libvardefine.o(.bss)
    LibVarCan2ReceiveData                    0x2000052c   Data         448  libvardefine.o(.bss)
    LibVarCan2ReceiveLength                  0x200006ec   Data          56  libvardefine.o(.bss)
    LibVarTimerCounter                       0x20000724   Data          28  libvardefine.o(.bss)
    LibVarTimerTime                          0x20000740   Data          28  libvardefine.o(.bss)
    can1_tx_queue                            0x2000075c   Data        2568  lib_can_queue.o(.bss)
    can2_tx_queue                            0x20001164   Data        2568  lib_can_queue.o(.bss)
    serial_rx_buffer                         0x20001b6c   Data         264  serial.o(.bss)
    serial_tx_buffer                         0x20001c74   Data         264  serial.o(.bss)
    __initial_sp                             0x20002180   Data           0  startup_stm32f10x_cl.o(STACK)



==============================================================================

Memory Map of the image

  Image Entry point : 0x08010151

  Load Region LR_IROM1 (Base: 0x08010000, Size: 0x0000239c, Max: 0x00030000, ABSOLUTE)

    Execution Region ER_IROM1 (Exec base: 0x08010000, Load base: 0x08010000, Size: 0x0000231c, Max: 0x00030000, ABSOLUTE)

    Exec Addr    Load Addr    Size         Type   Attr      Idx    E Section Name        Object

    0x08010000   0x08010000   0x00000150   Data   RO          330    RESET               startup_stm32f10x_cl.o
    0x08010150   0x08010150   0x00000000   Code   RO         2363  * .ARM.Collect$$$$00000000  mc_w.l(entry.o)
    0x08010150   0x08010150   0x00000004   Code   RO         2630    .ARM.Collect$$$$00000001  mc_w.l(entry2.o)
    0x08010154   0x08010154   0x00000004   Code   RO         2633    .ARM.Collect$$$$00000004  mc_w.l(entry5.o)
    0x08010158   0x08010158   0x00000000   Code   RO         2635    .ARM.Collect$$$$00000008  mc_w.l(entry7b.o)
    0x08010158   0x08010158   0x00000000   Code   RO         2637    .ARM.Collect$$$$0000000A  mc_w.l(entry8b.o)
    0x08010158   0x08010158   0x00000008   Code   RO         2638    .ARM.Collect$$$$0000000B  mc_w.l(entry9a.o)
    0x08010160   0x08010160   0x00000000   Code   RO         2640    .ARM.Collect$$$$0000000D  mc_w.l(entry10a.o)
    0x08010160   0x08010160   0x00000000   Code   RO         2642    .ARM.Collect$$$$0000000F  mc_w.l(entry11a.o)
    0x08010160   0x08010160   0x00000004   Code   RO         2631    .ARM.Collect$$$$00002712  mc_w.l(entry2.o)
    0x08010164   0x08010164   0x00000024   Code   RO          331    .text               startup_stm32f10x_cl.o
    0x08010188   0x08010188   0x00000024   Code   RO         2366    .text               mc_w.l(memcpya.o)
    0x080101ac   0x080101ac   0x00000024   Code   RO         2660    .text               mc_w.l(init.o)
    0x080101d0   0x080101d0   0x000000c8   Code   RO         2342    i.AppInit           appmain.o
    0x08010298   0x08010298   0x000000c8   Code   RO         2343    i.AppMain           appmain.o
    0x08010360   0x08010360   0x00000004   Code   RO          165    i.BusFault_Handler  stm32f10x_it.o
    0x08010364   0x08010364   0x000001dc   Code   RO          428    i.CAN1_Mode_Init    libcan.o
    0x08010540   0x08010540   0x00000078   Code   RO          429    i.CAN1_RX0_IRQHandler  libcan.o
    0x080105b8   0x080105b8   0x00000078   Code   RO          430    i.CAN1_RX1_IRQHandler  libcan.o
    0x08010630   0x08010630   0x00000078   Code   RO          432    i.CAN2_RX0_IRQHandler  libcan.o
    0x080106a8   0x080106a8   0x00000078   Code   RO          433    i.CAN2_RX1_IRQHandler  libcan.o
    0x08010720   0x08010720   0x00000108   Code   RO          769    i.CAN_FilterInit    stm32f10x_can.o
    0x08010828   0x08010828   0x00000120   Code   RO          771    i.CAN_GetITStatus   stm32f10x_can.o
    0x08010948   0x08010948   0x00000012   Code   RO          775    i.CAN_ITConfig      stm32f10x_can.o
    0x0801095a   0x0801095a   0x00000114   Code   RO          776    i.CAN_Init          stm32f10x_can.o
    0x08010a6e   0x08010a6e   0x000000f0   Code   RO          779    i.CAN_Receive       stm32f10x_can.o
    0x08010b5e   0x08010b5e   0x00000126   Code   RO          784    i.CAN_Transmit      stm32f10x_can.o
    0x08010c84   0x08010c84   0x00000012   Code   RO          787    i.CheckITStatus     stm32f10x_can.o
    0x08010c96   0x08010c96   0x00000002   Code   RO          166    i.DebugMon_Handler  stm32f10x_it.o
    0x08010c98   0x08010c98   0x00000012   Code   RO          288    i.EXTI1_IRQHandler  liblpc.o
    0x08010caa   0x08010caa   0x00000002   PAD
    0x08010cac   0x08010cac   0x0000000c   Code   RO         2201    i.EXTI_ClearITPendingBit  stm32f10x_exti.o
    0x08010cb8   0x08010cb8   0x00000028   Code   RO         2205    i.EXTI_GetITStatus  stm32f10x_exti.o
    0x08010ce0   0x08010ce0   0x00000116   Code   RO          924    i.GPIO_Init         stm32f10x_gpio.o
    0x08010df6   0x08010df6   0x00000002   PAD
    0x08010df8   0x08010df8   0x00000090   Code   RO          926    i.GPIO_PinRemapConfig  stm32f10x_gpio.o
    0x08010e88   0x08010e88   0x00000004   Code   RO          932    i.GPIO_SetBits      stm32f10x_gpio.o
    0x08010e8c   0x08010e8c   0x00000004   Code   RO          167    i.HardFault_Handler  stm32f10x_it.o
    0x08010e90   0x08010e90   0x00000034   Code   RO          416    i.LED_Init          led.o
    0x08010ec4   0x08010ec4   0x00000054   Code   RO          436    i.LibCan1ReadReceiveData  libcan.o
    0x08010f18   0x08010f18   0x00000020   Code   RO          437    i.LibCan1ReceiveFlag  libcan.o
    0x08010f38   0x08010f38   0x00000064   Code   RO          438    i.LibCan1SendData   libcan.o
    0x08010f9c   0x08010f9c   0x000000bc   Code   RO          439    i.LibCan1SetRecMode  libcan.o
    0x08011058   0x08011058   0x00000054   Code   RO          348    i.LibDIInit         libdi.o
    0x080110ac   0x080110ac   0x0000007c   Code   RO          366    i.LibDOInit         libdo.o
    0x08011128   0x08011128   0x00000118   Code   RO          368    i.LibSetValueDOH    libdo.o
    0x08011240   0x08011240   0x0000016c   Code   RO          530    i.LibTimerChannelHandle  libtimer.o
    0x080113ac   0x080113ac   0x000000e8   Code   RO          531    i.LibTimerGet       libtimer.o
    0x08011494   0x08011494   0x0000005e   Code   RO          532    i.LibTimerInit      libtimer.o
    0x080114f2   0x080114f2   0x00000002   PAD
    0x080114f4   0x080114f4   0x000000e4   Code   RO          533    i.LibTimerSet       libtimer.o
    0x080115d8   0x080115d8   0x00000004   Code   RO          168    i.MemManage_Handler  stm32f10x_it.o
    0x080115dc   0x080115dc   0x00000002   Code   RO          169    i.NMI_Handler       stm32f10x_it.o
    0x080115de   0x080115de   0x00000002   PAD
    0x080115e0   0x080115e0   0x00000070   Code   RO          727    i.NVIC_Init         misc.o
    0x08011650   0x08011650   0x00000002   Code   RO          170    i.PendSV_Handler    stm32f10x_it.o
    0x08011652   0x08011652   0x00000002   PAD
    0x08011654   0x08011654   0x00000020   Code   RO         1769    i.RCC_APB1PeriphClockCmd  stm32f10x_rcc.o
    0x08011674   0x08011674   0x00000020   Code   RO         1771    i.RCC_APB2PeriphClockCmd  stm32f10x_rcc.o
    0x08011694   0x08011694   0x00000190   Code   RO         1779    i.RCC_GetClocksFreq  stm32f10x_rcc.o
    0x08011824   0x08011824   0x00000018   Code   RO         1585    i.SPI_Cmd           stm32f10x_spi.o
    0x0801183c   0x0801183c   0x0000003c   Code   RO         1598    i.SPI_Init          stm32f10x_spi.o
    0x08011878   0x08011878   0x00000002   Code   RO          171    i.SVC_Handler       stm32f10x_it.o
    0x0801187a   0x0801187a   0x00000008   Code   RO          254    i.SetSysClock       system_stm32f10x.o
    0x08011882   0x08011882   0x00000002   PAD
    0x08011884   0x08011884   0x00000118   Code   RO          255    i.SetSysClockTo72   system_stm32f10x.o
    0x0801199c   0x0801199c   0x00000028   Code   RO          731    i.SysTick_CLKSourceConfig  misc.o
    0x080119c4   0x080119c4   0x00000002   Code   RO          172    i.SysTick_Handler   stm32f10x_it.o
    0x080119c6   0x080119c6   0x00000002   PAD
    0x080119c8   0x080119c8   0x0000006c   Code   RO          257    i.SystemInit        system_stm32f10x.o
    0x08011a34   0x08011a34   0x0000001a   Code   RO          534    i.TIM2_IRQHandler   libtimer.o
    0x08011a4e   0x08011a4e   0x00000006   Code   RO         1043    i.TIM_ClearITPendingBit  stm32f10x_tim.o
    0x08011a54   0x08011a54   0x00000018   Code   RO         1048    i.TIM_Cmd           stm32f10x_tim.o
    0x08011a6c   0x08011a6c   0x00000022   Code   RO         1069    i.TIM_GetITStatus   stm32f10x_tim.o
    0x08011a8e   0x08011a8e   0x00000012   Code   RO         1073    i.TIM_ITConfig      stm32f10x_tim.o
    0x08011aa0   0x08011aa0   0x000000a4   Code   RO         1119    i.TIM_TimeBaseInit  stm32f10x_tim.o
    0x08011b44   0x08011b44   0x0000012c   Code   RO          679    i.USART1_IRQHandler  serial.o
    0x08011c70   0x08011c70   0x00000018   Code   RO         2024    i.USART_Cmd         stm32f10x_usart.o
    0x08011c88   0x08011c88   0x0000001a   Code   RO         2027    i.USART_GetFlagStatus  stm32f10x_usart.o
    0x08011ca2   0x08011ca2   0x00000054   Code   RO         2028    i.USART_GetITStatus  stm32f10x_usart.o
    0x08011cf6   0x08011cf6   0x0000004a   Code   RO         2030    i.USART_ITConfig    stm32f10x_usart.o
    0x08011d40   0x08011d40   0x000000d8   Code   RO         2031    i.USART_Init        stm32f10x_usart.o
    0x08011e18   0x08011e18   0x0000000a   Code   RO         2038    i.USART_ReceiveData  stm32f10x_usart.o
    0x08011e22   0x08011e22   0x00000008   Code   RO         2041    i.USART_SendData    stm32f10x_usart.o
    0x08011e2a   0x08011e2a   0x00000004   Code   RO          173    i.UsageFault_Handler  stm32f10x_it.o
    0x08011e2e   0x08011e2e   0x00000002   PAD
    0x08011e30   0x08011e30   0x00000010   Code   RO         2371    i.__0printf$bare    mc_w.l(printfb.o)
    0x08011e40   0x08011e40   0x0000000e   Code   RO         2672    i.__scatterload_copy  mc_w.l(handlers.o)
    0x08011e4e   0x08011e4e   0x00000002   Code   RO         2673    i.__scatterload_null  mc_w.l(handlers.o)
    0x08011e50   0x08011e50   0x0000000e   Code   RO         2674    i.__scatterload_zeroinit  mc_w.l(handlers.o)
    0x08011e5e   0x08011e5e   0x00000022   Code   RO         2378    i._printf_core      mc_w.l(printfb.o)
    0x08011e80   0x08011e80   0x0000004c   Code   RO          631    i.can_queue_main    lib_can_queue.o
    0x08011ecc   0x08011ecc   0x00000038   Code   RO          632    i.check_can_mailbox  lib_can_queue.o
    0x08011f04   0x08011f04   0x00000044   Code   RO          390    i.delay_init        delay.o
    0x08011f48   0x08011f48   0x000000a4   Code   RO          568    i.eeprom_init       libeeprom.o
    0x08011fec   0x08011fec   0x00000024   Code   RO          680    i.fputc             serial.o
    0x08012010   0x08012010   0x0000000e   Code   RO          633    i.lib_can_queue_get_size  lib_can_queue.o
    0x0801201e   0x0801201e   0x00000002   PAD
    0x08012020   0x08012020   0x00000018   Code   RO          634    i.lib_can_queue_init  lib_can_queue.o
    0x08012038   0x08012038   0x0000003a   Code   RO          635    i.lib_can_queue_pop  lib_can_queue.o
    0x08012072   0x08012072   0x00000032   Code   RO          636    i.lib_can_queue_push  lib_can_queue.o
    0x080120a4   0x080120a4   0x00000024   Code   RO            1    i.main              main.o
    0x080120c8   0x080120c8   0x000000bc   Code   RO          682    i.serial_init       serial.o
    0x08012184   0x08012184   0x000000a0   Code   RO          683    i.serial_read       serial.o
    0x08012224   0x08012224   0x0000009c   Code   RO          684    i.serial_write      serial.o
    0x080122c0   0x080122c0   0x0000003c   Code   RO            2    i.sys_init          main.o
    0x080122fc   0x080122fc   0x00000020   Data   RO         2670    Region$$Table       anon$$obj.o


    Execution Region RW_IRAM1 (Exec base: 0x20000000, Load base: 0x0801231c, Size: 0x00002180, Max: 0x00010000, ABSOLUTE)

    Exec Addr    Load Addr    Size         Type   Attr      Idx    E Section Name        Object

    0x20000000   0x0801231c   0x00000014   Data   RW          258    .data               system_stm32f10x.o
    0x20000014   0x08012330   0x00000004   Data   RW          393    .data               delay.o
    0x20000018   0x08012334   0x0000004d   Data   RW          535    .data               libtimer.o
    0x20000065   0x08012381   0x00000014   Data   RW         1807    .data               stm32f10x_rcc.o
    0x20000079   0x08012395   0x00000003   PAD
    0x2000007c   0x08012398   0x00000004   Data   RW         2644    .data               mc_w.l(stdout.o)
    0x20000080        -       0x000006dc   Zero   RW          335    .bss                libvardefine.o
    0x2000075c        -       0x00001410   Zero   RW          637    .bss                lib_can_queue.o
    0x20001b6c        -       0x00000210   Zero   RW          685    .bss                serial.o
    0x20001d7c   0x0801239c   0x00000004   PAD
    0x20001d80        -       0x00000400   Zero   RW          328    STACK               startup_stm32f10x_cl.o


==============================================================================

Image component sizes


      Code (inc. data)   RO Data    RW Data    ZI Data      Debug   Object Name

       400         28          0          0          0       1156   appmain.o
         0          0          0          0          0         32   core_cm3.o
        68         18          0          4          0        657   delay.o
        52          8          0          0          0        475   led.o
       278         24          0          0       5136       4486   lib_can_queue.o
      1360        134          0          0          0       7033   libcan.o
        84         14          0          0          0        492   libdi.o
       404         62          0          0          0       1269   libdo.o
       164         10          0          0          0        626   libeeprom.o
        18          0          0          0          0        423   liblpc.o
       944        268          0         77          0       4377   libtimer.o
         0          0          0          0       1756       1609   libvardefine.o
        96         10          0          0          0     292790   main.o
       152         12          0          0          0       1450   misc.o
       840         52          0          0        528       4335   serial.o
        36          8        336          0       1024        784   startup_stm32f10x_cl.o
      1398         10          0          0          0       5502   stm32f10x_can.o
        52         12          0          0          0       1076   stm32f10x_exti.o
       426          6          0          0          0       3213   stm32f10x_gpio.o
        26          0          0          0          0       3578   stm32f10x_it.o
       464         38          0         20          0       5090   stm32f10x_rcc.o
        84          0          0          0          0       2045   stm32f10x_spi.o
       246         42          0          0          0       3378   stm32f10x_tim.o
       442          6          0          0          0       5949   stm32f10x_usart.o
       396         32          0         20          0       2045   system_stm32f10x.o

    ----------------------------------------------------------------------
      8448        794        368        124       8448     353870   Object Totals
         0          0         32          0          0          0   (incl. Generated)
        18          0          0          3          4          0   (incl. Padding)

    ----------------------------------------------------------------------

      Code (inc. data)   RO Data    RW Data    ZI Data      Debug   Library Member Name

         0          0          0          0          0          0   entry.o
         0          0          0          0          0          0   entry10a.o
         0          0          0          0          0          0   entry11a.o
         8          4          0          0          0          0   entry2.o
         4          0          0          0          0          0   entry5.o
         0          0          0          0          0          0   entry7b.o
         0          0          0          0          0          0   entry8b.o
         8          4          0          0          0          0   entry9a.o
        30          0          0          0          0          0   handlers.o
        36          8          0          0          0         68   init.o
        36          0          0          0          0         68   memcpya.o
        50          8          0          0          0        152   printfb.o
         0          0          0          4          0          0   stdout.o

    ----------------------------------------------------------------------
       172         24          0          4          0        288   Library Totals
         0          0          0          0          0          0   (incl. Padding)

    ----------------------------------------------------------------------

      Code (inc. data)   RO Data    RW Data    ZI Data      Debug   Library Name

       172         24          0          4          0        288   mc_w.l

    ----------------------------------------------------------------------
       172         24          0          4          0        288   Library Totals

    ----------------------------------------------------------------------

==============================================================================


      Code (inc. data)   RO Data    RW Data    ZI Data      Debug   

      8620        818        368        128       8448     350306   Grand Totals
      8620        818        368        128       8448     350306   ELF Image Totals
      8620        818        368        128          0          0   ROM Totals

==============================================================================

    Total RO  Size (Code + RO Data)                 8988 (   8.78kB)
    Total RW  Size (RW Data + ZI Data)              8576 (   8.38kB)
    Total ROM Size (Code + RO Data + RW Data)       9116 (   8.90kB)

==============================================================================

